Archive member included to satisfy reference by file (symbol)

c:/st/stm32cubeide_1.9.0/stm32cubeide/plugins/com.st.stm32cube.ide.mcu.externaltools.gnu-tools-for-stm32.10.3-2021.10.win32_1.0.0.202111181127/tools/bin/../lib/gcc/arm-none-eabi/10.3.1/../../../../arm-none-eabi/lib/thumb/v7e-m/nofp\libc_nano.a(lib_a-errno.o)
                              ./Application/User/syscalls.o (__errno)
c:/st/stm32cubeide_1.9.0/stm32cubeide/plugins/com.st.stm32cube.ide.mcu.externaltools.gnu-tools-for-stm32.10.3-2021.10.win32_1.0.0.202111181127/tools/bin/../lib/gcc/arm-none-eabi/10.3.1/../../../../arm-none-eabi/lib/thumb/v7e-m/nofp\libc_nano.a(lib_a-exit.o)
                              c:/st/stm32cubeide_1.9.0/stm32cubeide/plugins/com.st.stm32cube.ide.mcu.externaltools.gnu-tools-for-stm32.10.3-2021.10.win32_1.0.0.202111181127/tools/bin/../lib/gcc/arm-none-eabi/10.3.1/../../../../arm-none-eabi/lib/thumb/v7e-m/nofp/crt0.o (exit)
c:/st/stm32cubeide_1.9.0/stm32cubeide/plugins/com.st.stm32cube.ide.mcu.externaltools.gnu-tools-for-stm32.10.3-2021.10.win32_1.0.0.202111181127/tools/bin/../lib/gcc/arm-none-eabi/10.3.1/../../../../arm-none-eabi/lib/thumb/v7e-m/nofp\libc_nano.a(lib_a-impure.o)
                              c:/st/stm32cubeide_1.9.0/stm32cubeide/plugins/com.st.stm32cube.ide.mcu.externaltools.gnu-tools-for-stm32.10.3-2021.10.win32_1.0.0.202111181127/tools/bin/../lib/gcc/arm-none-eabi/10.3.1/../../../../arm-none-eabi/lib/thumb/v7e-m/nofp\libc_nano.a(lib_a-exit.o) (_global_impure_ptr)
c:/st/stm32cubeide_1.9.0/stm32cubeide/plugins/com.st.stm32cube.ide.mcu.externaltools.gnu-tools-for-stm32.10.3-2021.10.win32_1.0.0.202111181127/tools/bin/../lib/gcc/arm-none-eabi/10.3.1/../../../../arm-none-eabi/lib/thumb/v7e-m/nofp\libc_nano.a(lib_a-init.o)
                              c:/st/stm32cubeide_1.9.0/stm32cubeide/plugins/com.st.stm32cube.ide.mcu.externaltools.gnu-tools-for-stm32.10.3-2021.10.win32_1.0.0.202111181127/tools/bin/../lib/gcc/arm-none-eabi/10.3.1/../../../../arm-none-eabi/lib/thumb/v7e-m/nofp/crt0.o (__libc_init_array)
c:/st/stm32cubeide_1.9.0/stm32cubeide/plugins/com.st.stm32cube.ide.mcu.externaltools.gnu-tools-for-stm32.10.3-2021.10.win32_1.0.0.202111181127/tools/bin/../lib/gcc/arm-none-eabi/10.3.1/../../../../arm-none-eabi/lib/thumb/v7e-m/nofp\libc_nano.a(lib_a-memcpy-stub.o)
                              ./Middlewares/FreeRTOS/cmsis_os2.o (memcpy)
c:/st/stm32cubeide_1.9.0/stm32cubeide/plugins/com.st.stm32cube.ide.mcu.externaltools.gnu-tools-for-stm32.10.3-2021.10.win32_1.0.0.202111181127/tools/bin/../lib/gcc/arm-none-eabi/10.3.1/../../../../arm-none-eabi/lib/thumb/v7e-m/nofp\libc_nano.a(lib_a-memset.o)
                              c:/st/stm32cubeide_1.9.0/stm32cubeide/plugins/com.st.stm32cube.ide.mcu.externaltools.gnu-tools-for-stm32.10.3-2021.10.win32_1.0.0.202111181127/tools/bin/../lib/gcc/arm-none-eabi/10.3.1/../../../../arm-none-eabi/lib/thumb/v7e-m/nofp/crt0.o (memset)

Discarded input sections

 .text          0x0000000000000000        0x0 c:/st/stm32cubeide_1.9.0/stm32cubeide/plugins/com.st.stm32cube.ide.mcu.externaltools.gnu-tools-for-stm32.10.3-2021.10.win32_1.0.0.202111181127/tools/bin/../lib/gcc/arm-none-eabi/10.3.1/thumb/v7e-m/nofp/crti.o
 .data          0x0000000000000000        0x0 c:/st/stm32cubeide_1.9.0/stm32cubeide/plugins/com.st.stm32cube.ide.mcu.externaltools.gnu-tools-for-stm32.10.3-2021.10.win32_1.0.0.202111181127/tools/bin/../lib/gcc/arm-none-eabi/10.3.1/thumb/v7e-m/nofp/crti.o
 .bss           0x0000000000000000        0x0 c:/st/stm32cubeide_1.9.0/stm32cubeide/plugins/com.st.stm32cube.ide.mcu.externaltools.gnu-tools-for-stm32.10.3-2021.10.win32_1.0.0.202111181127/tools/bin/../lib/gcc/arm-none-eabi/10.3.1/thumb/v7e-m/nofp/crti.o
 .data          0x0000000000000000        0x4 c:/st/stm32cubeide_1.9.0/stm32cubeide/plugins/com.st.stm32cube.ide.mcu.externaltools.gnu-tools-for-stm32.10.3-2021.10.win32_1.0.0.202111181127/tools/bin/../lib/gcc/arm-none-eabi/10.3.1/thumb/v7e-m/nofp/crtbegin.o
 .rodata        0x0000000000000000       0x24 c:/st/stm32cubeide_1.9.0/stm32cubeide/plugins/com.st.stm32cube.ide.mcu.externaltools.gnu-tools-for-stm32.10.3-2021.10.win32_1.0.0.202111181127/tools/bin/../lib/gcc/arm-none-eabi/10.3.1/thumb/v7e-m/nofp/crtbegin.o
 .text          0x0000000000000000       0x7c c:/st/stm32cubeide_1.9.0/stm32cubeide/plugins/com.st.stm32cube.ide.mcu.externaltools.gnu-tools-for-stm32.10.3-2021.10.win32_1.0.0.202111181127/tools/bin/../lib/gcc/arm-none-eabi/10.3.1/../../../../arm-none-eabi/lib/thumb/v7e-m/nofp/crt0.o
 .data          0x0000000000000000        0x0 c:/st/stm32cubeide_1.9.0/stm32cubeide/plugins/com.st.stm32cube.ide.mcu.externaltools.gnu-tools-for-stm32.10.3-2021.10.win32_1.0.0.202111181127/tools/bin/../lib/gcc/arm-none-eabi/10.3.1/../../../../arm-none-eabi/lib/thumb/v7e-m/nofp/crt0.o
[...]
Memory Configuration

Name             Origin             Length             Attributes
ROM              0x0000000008000000 0x0000000000040000 xr
RAM1             0x0000000020000000 0x0000000000008000 xrw
RAM2             0x0000000020008000 0x0000000000008000 xrw
*default*        0x0000000000000000 0xffffffffffffffff

Linker script and memory map

LOAD c:/st/stm32cubeide_1.9.0/stm32cubeide/plugins/com.st.stm32cube.ide.mcu.externaltools.gnu-tools-for-stm32.10.3-2021.10.win32_1.0.0.202111181127/tools/bin/../lib/gcc/arm-none-eabi/10.3.1/thumb/v7e-m/nofp/crti.o
LOAD c:/st/stm32cubeide_1.9.0/stm32cubeide/plugins/com.st.stm32cube.ide.mcu.externaltools.gnu-tools-for-stm32.10.3-2021.10.win32_1.0.0.202111181127/tools/bin/../lib/gcc/arm-none-eabi/10.3.1/thumb/v7e-m/nofp/crtbegin.o
LOAD c:/st/stm32cubeide_1.9.0/stm32cubeide/plugins/com.st.stm32cube.ide.mcu.externaltools.gnu-tools-for-stm32.10.3-2021.10.win32_1.0.0.202111181127/tools/bin/../lib/gcc/arm-none-eabi/10.3.1/../../../../arm-none-eabi/lib/thumb/v7e-m/nofp/crt0.o
LOAD ./Application/Startup/startup_stm32wl55jcix.o
LOAD ./Application/User/app_freertos.o
LOAD ./Application/User/main.o
LOAD ./Application/User/stm32wlxx_hal_msp.o
LOAD ./Application/User/stm32wlxx_hal_timebase_tim.o
LOAD ./Application/User/stm32wlxx_it.o
LOAD ./Application/User/syscalls.o
LOAD ./Application/User/sysmem.o
LOAD ./Drivers/BSP/STM32WLxx_Nucleo/stm32wlxx_nucleo.o
LOAD ./Drivers/CMSIS/system_stm32wlxx.o
LOAD ./Drivers/STM32WLxx_HAL_Driver/stm32wlxx_hal.o
LOAD ./Drivers/STM32WLxx_HAL_Driver/stm32wlxx_hal_cortex.o
LOAD ./Drivers/STM32WLxx_HAL_Driver/stm32wlxx_hal_dma.o
LOAD ./Drivers/STM32WLxx_HAL_Driver/stm32wlxx_hal_dma_ex.o
LOAD ./Drivers/STM32WLxx_HAL_Driver/stm32wlxx_hal_exti.o
LOAD ./Drivers/STM32WLxx_HAL_Driver/stm32wlxx_hal_flash.o
LOAD ./Drivers/STM32WLxx_HAL_Driver/stm32wlxx_hal_flash_ex.o
LOAD ./Drivers/STM32WLxx_HAL_Driver/stm32wlxx_hal_gpio.o
LOAD ./Drivers/STM32WLxx_HAL_Driver/stm32wlxx_hal_pwr.o
LOAD ./Drivers/STM32WLxx_HAL_Driver/stm32wlxx_hal_pwr_ex.o
LOAD ./Drivers/STM32WLxx_HAL_Driver/stm32wlxx_hal_rcc.o
LOAD ./Drivers/STM32WLxx_HAL_Driver/stm32wlxx_hal_rcc_ex.o
LOAD ./Drivers/STM32WLxx_HAL_Driver/stm32wlxx_hal_tim.o
LOAD ./Drivers/STM32WLxx_HAL_Driver/stm32wlxx_hal_tim_ex.o
LOAD ./Middlewares/FreeRTOS/cmsis_os2.o
LOAD ./Middlewares/FreeRTOS/croutine.o
LOAD ./Middlewares/FreeRTOS/event_groups.o
LOAD ./Middlewares/FreeRTOS/heap_4.o
LOAD ./Middlewares/FreeRTOS/list.o
LOAD ./Middlewares/FreeRTOS/port.o
LOAD ./Middlewares/FreeRTOS/queue.o
LOAD ./Middlewares/FreeRTOS/stream_buffer.o
LOAD ./Middlewares/FreeRTOS/tasks.o
LOAD ./Middlewares/FreeRTOS/timers.o
START GROUP
LOAD c:/st/stm32cubeide_1.9.0/stm32cubeide/plugins/com.st.stm32cube.ide.mcu.externaltools.gnu-tools-for-stm32.10.3-2021.10.win32_1.0.0.202111181127/tools/bin/../lib/gcc/arm-none-eabi/10.3.1/../../../../arm-none-eabi/lib/thumb/v7e-m/nofp\libc_nano.a
LOAD c:/st/stm32cubeide_1.9.0/stm32cubeide/plugins/com.st.stm32cube.ide.mcu.externaltools.gnu-tools-for-stm32.10.3-2021.10.win32_1.0.0.202111181127/tools/bin/../lib/gcc/arm-none-eabi/10.3.1/../../../../arm-none-eabi/lib/thumb/v7e-m/nofp\libm.a
END GROUP
START GROUP
LOAD c:/st/stm32cubeide_1.9.0/stm32cubeide/plugins/com.st.stm32cube.ide.mcu.externaltools.gnu-tools-for-stm32.10.3-2021.10.win32_1.0.0.202111181127/tools/bin/../lib/gcc/arm-none-eabi/10.3.1/thumb/v7e-m/nofp\libgcc.a
LOAD c:/st/stm32cubeide_1.9.0/stm32cubeide/plugins/com.st.stm32cube.ide.mcu.externaltools.gnu-tools-for-stm32.10.3-2021.10.win32_1.0.0.202111181127/tools/bin/../lib/gcc/arm-none-eabi/10.3.1/../../../../arm-none-eabi/lib/thumb/v7e-m/nofp\libc_nano.a
END GROUP
START GROUP
LOAD c:/st/stm32cubeide_1.9.0/stm32cubeide/plugins/com.st.stm32cube.ide.mcu.externaltools.gnu-tools-for-stm32.10.3-2021.10.win32_1.0.0.202111181127/tools/bin/../lib/gcc/arm-none-eabi/10.3.1/thumb/v7e-m/nofp\libgcc.a
LOAD c:/st/stm32cubeide_1.9.0/stm32cubeide/plugins/com.st.stm32cube.ide.mcu.externaltools.gnu-tools-for-stm32.10.3-2021.10.win32_1.0.0.202111181127/tools/bin/../lib/gcc/arm-none-eabi/10.3.1/../../../../arm-none-eabi/lib/thumb/v7e-m/nofp\libc_nano.a
LOAD c:/st/stm32cubeide_1.9.0/stm32cubeide/plugins/com.st.stm32cube.ide.mcu.externaltools.gnu-tools-for-stm32.10.3-2021.10.win32_1.0.0.202111181127/tools/bin/../lib/gcc/arm-none-eabi/10.3.1/../../../../arm-none-eabi/lib/thumb/v7e-m/nofp\libnosys.a
END GROUP
START GROUP
LOAD c:/st/stm32cubeide_1.9.0/stm32cubeide/plugins/com.st.stm32cube.ide.mcu.externaltools.gnu-tools-for-stm32.10.3-2021.10.win32_1.0.0.202111181127/tools/bin/../lib/gcc/arm-none-eabi/10.3.1/thumb/v7e-m/nofp\libgcc.a
LOAD c:/st/stm32cubeide_1.9.0/stm32cubeide/plugins/com.st.stm32cube.ide.mcu.externaltools.gnu-tools-for-stm32.10.3-2021.10.win32_1.0.0.202111181127/tools/bin/../lib/gcc/arm-none-eabi/10.3.1/../../../../arm-none-eabi/lib/thumb/v7e-m/nofp\libc_nano.a
LOAD c:/st/stm32cubeide_1.9.0/stm32cubeide/plugins/com.st.stm32cube.ide.mcu.externaltools.gnu-tools-for-stm32.10.3-2021.10.win32_1.0.0.202111181127/tools/bin/../lib/gcc/arm-none-eabi/10.3.1/../../../../arm-none-eabi/lib/thumb/v7e-m/nofp\libnosys.a
END GROUP
LOAD c:/st/stm32cubeide_1.9.0/stm32cubeide/plugins/com.st.stm32cube.ide.mcu.externaltools.gnu-tools-for-stm32.10.3-2021.10.win32_1.0.0.202111181127/tools/bin/../lib/gcc/arm-none-eabi/10.3.1/thumb/v7e-m/nofp/crtend.o
LOAD c:/st/stm32cubeide_1.9.0/stm32cubeide/plugins/com.st.stm32cube.ide.mcu.externaltools.gnu-tools-for-stm32.10.3-2021.10.win32_1.0.0.202111181127/tools/bin/../lib/gcc/arm-none-eabi/10.3.1/thumb/v7e-m/nofp/crtn.o
                0x0000000020008000                _estack = (ORIGIN (RAM1) + LENGTH (RAM1))
                0x0000000000000400                _Min_Heap_Size = 0x400
                0x0000000000000800                _Min_Stack_Size = 0x800

.isr_vector     0x0000000008000000      0x138
                0x0000000008000000                . = ALIGN (0x8)
 *(.isr_vector)
 .isr_vector    0x0000000008000000      0x138 ./Application/Startup/startup_stm32wl55jcix.o
                0x0000000008000000                g_pfnVectors
                0x0000000008000138                . = ALIGN (0x8)

.text           0x0000000008000140     0x5050
                0x0000000008000140                . = ALIGN (0x8)
 *(.text)
 .text          0x0000000008000140       0x40 c:/st/stm32cubeide_1.9.0/stm32cubeide/plugins/com.st.stm32cube.ide.mcu.externaltools.gnu-tools-for-stm32.10.3-2021.10.win32_1.0.0.202111181127/tools/bin/../lib/gcc/arm-none-eabi/10.3.1/thumb/v7e-m/nofp/crtbegin.o
 *(.text*)
 .text.Reset_Handler
                0x0000000008000180       0x50 ./Application/Startup/startup_stm32wl55jcix.o
                0x0000000008000180                Reset_Handler
 .text.Default_Handler
                0x00000000080001d0        0x2 ./Application/Startup/startup_stm32wl55jcix.o
                0x00000000080001d0                RTC_Alarm_IRQHandler
                0x00000000080001d0                EXTI2_IRQHandler
                0x00000000080001d0                TIM1_CC_IRQHandler
                0x00000000080001d0                EXTI3_IRQHandler
                0x00000000080001d0                LPTIM2_IRQHandler
                0x00000000080001d0                I2C3_ER_IRQHandler
                0x00000000080001d0                LPTIM3_IRQHandler
                0x00000000080001d0                EXTI0_IRQHandler
                0x00000000080001d0                I2C2_EV_IRQHandler
                0x00000000080001d0                TAMP_STAMP_LSECSS_SSRU_IRQHandler
                0x00000000080001d0                SPI1_IRQHandler
                0x00000000080001d0                DMA2_Channel2_IRQHandler
                0x00000000080001d0                DMA1_Channel4_IRQHandler
                0x00000000080001d0                PKA_IRQHandler
                0x00000000080001d0                DMA1_Channel7_IRQHandler
                0x00000000080001d0                SUBGHZSPI_IRQHandler
                0x00000000080001d0                IPCC_C1_TX_IRQHandler
                0x00000000080001d0                DMA2_Channel1_IRQHandler
                0x00000000080001d0                I2C1_EV_IRQHandler
                0x00000000080001d0                SUBGHZ_Radio_IRQHandler
                0x00000000080001d0                DMAMUX1_OVR_IRQHandler
                0x00000000080001d0                DMA1_Channel6_IRQHandler
                0x00000000080001d0                TIM16_IRQHandler
                0x00000000080001d0                DMA2_Channel4_IRQHandler
                0x00000000080001d0                RCC_IRQHandler
                0x00000000080001d0                TIM1_TRG_COM_IRQHandler
                0x00000000080001d0                DMA1_Channel1_IRQHandler
                0x00000000080001d0                Default_Handler
                0x00000000080001d0                DMA2_Channel7_IRQHandler
                0x00000000080001d0                EXTI15_10_IRQHandler
                0x00000000080001d0                IPCC_C1_RX_IRQHandler
                0x00000000080001d0                ADC_IRQHandler
                0x00000000080001d0                C2SEV_PWR_C2H_IRQHandler
                0x00000000080001d0                I2C3_EV_IRQHandler
                0x00000000080001d0                EXTI9_5_IRQHandler
                0x00000000080001d0                RTC_WKUP_IRQHandler
                0x00000000080001d0                PVD_PVM_IRQHandler
                0x00000000080001d0                SPI2_IRQHandler
                0x00000000080001d0                DMA2_Channel5_IRQHandler
                0x00000000080001d0                DMA1_Channel5_IRQHandler
                0x00000000080001d0                EXTI4_IRQHandler
                0x00000000080001d0                RNG_IRQHandler
                0x00000000080001d0                DMA1_Channel3_IRQHandler
                0x00000000080001d0                COMP_IRQHandler
                0x00000000080001d0                HSEM_IRQHandler
                0x00000000080001d0                TIM1_UP_IRQHandler
                0x00000000080001d0                WWDG_IRQHandler
                0x00000000080001d0                LPUART1_IRQHandler
                0x00000000080001d0                DMA2_Channel6_IRQHandler
                0x00000000080001d0                TIM2_IRQHandler
                0x00000000080001d0                TIM1_BRK_IRQHandler
                0x00000000080001d0                DAC_IRQHandler
                0x00000000080001d0                EXTI1_IRQHandler
                0x00000000080001d0                AES_IRQHandler
                0x00000000080001d0                USART2_IRQHandler
                0x00000000080001d0                I2C2_ER_IRQHandler
                0x00000000080001d0                DMA1_Channel2_IRQHandler
                0x00000000080001d0                FLASH_IRQHandler
                0x00000000080001d0                USART1_IRQHandler
                0x00000000080001d0                I2C1_ER_IRQHandler
                0x00000000080001d0                LPTIM1_IRQHandler
                0x00000000080001d0                DMA2_Channel3_IRQHandler
 *fill*         0x00000000080001d2        0x2 
 .text.main     0x00000000080001d4       0x5c ./Application/User/main.o
                0x00000000080001d4                main
 .text.SystemClock_Config
                0x0000000008000230       0xa4 ./Application/User/main.o
                0x0000000008000230                SystemClock_Config
 .text.LED_Thread1
                0x00000000080002d4       0x98 ./Application/User/main.o
                0x00000000080002d4                LED_Thread1
 .text.LED_Thread2
                0x000000000800036c       0x6c ./Application/User/main.o
                0x000000000800036c                LED_Thread2
 .text.HAL_TIM_PeriodElapsedCallback
                0x00000000080003d8       0x24 ./Application/User/main.o
                0x00000000080003d8                HAL_TIM_PeriodElapsedCallback
 .text.Error_Handler
                0x00000000080003fc        0xc ./Application/User/main.o
                0x00000000080003fc                Error_Handler
 .text.HAL_MspInit
                0x0000000008000408       0x14 ./Application/User/stm32wlxx_hal_msp.o
                0x0000000008000408                HAL_MspInit
 .text.LL_APB2_GRP1_EnableClock
                0x000000000800041c       0x30 ./Application/User/stm32wlxx_hal_timebase_tim.o
 .text.HAL_InitTick
                0x000000000800044c       0xcc ./Application/User/stm32wlxx_hal_timebase_tim.o
                0x000000000800044c                HAL_InitTick
 .text.NMI_Handler
                0x0000000008000518        0xc ./Application/User/stm32wlxx_it.o
                0x0000000008000518                NMI_Handler
 .text.HardFault_Handler
                0x0000000008000524        0x6 ./Application/User/stm32wlxx_it.o
                0x0000000008000524                HardFault_Handler
 .text.MemManage_Handler
                0x000000000800052a        0x6 ./Application/User/stm32wlxx_it.o
                0x000000000800052a                MemManage_Handler
 .text.BusFault_Handler
                0x0000000008000530        0x6 ./Application/User/stm32wlxx_it.o
                0x0000000008000530                BusFault_Handler
 .text.UsageFault_Handler
                0x0000000008000536        0x6 ./Application/User/stm32wlxx_it.o
                0x0000000008000536                UsageFault_Handler
 .text.DebugMon_Handler
                0x000000000800053c        0xc ./Application/User/stm32wlxx_it.o
                0x000000000800053c                DebugMon_Handler
 .text.TIM17_IRQHandler
                0x0000000008000548       0x14 ./Application/User/stm32wlxx_it.o
                0x0000000008000548                TIM17_IRQHandler
 .text.LL_AHB2_GRP1_EnableClock
                0x000000000800055c       0x30 ./Drivers/BSP/STM32WLxx_Nucleo/stm32wlxx_nucleo.o
 .text.BSP_LED_Init
                0x000000000800058c       0x74 ./Drivers/BSP/STM32WLxx_Nucleo/stm32wlxx_nucleo.o
                0x000000000800058c                BSP_LED_Init
 .text.BSP_LED_Off
                0x0000000008000600       0x34 ./Drivers/BSP/STM32WLxx_Nucleo/stm32wlxx_nucleo.o
                0x0000000008000600                BSP_LED_Off
 .text.BSP_LED_Toggle
                0x0000000008000634       0x34 ./Drivers/BSP/STM32WLxx_Nucleo/stm32wlxx_nucleo.o
                0x0000000008000634                BSP_LED_Toggle
 .text.SystemInit
                0x0000000008000668        0xc ./Drivers/CMSIS/system_stm32wlxx.o
                0x0000000008000668                SystemInit
 .text.HAL_Init
                0x0000000008000674       0x40 ./Drivers/STM32WLxx_HAL_Driver/stm32wlxx_hal.o
                0x0000000008000674                HAL_Init
 .text.HAL_IncTick
                0x00000000080006b4       0x24 ./Drivers/STM32WLxx_HAL_Driver/stm32wlxx_hal.o
                0x00000000080006b4                HAL_IncTick
 .text.HAL_GetTick
                0x00000000080006d8       0x14 ./Drivers/STM32WLxx_HAL_Driver/stm32wlxx_hal.o
                0x00000000080006d8                HAL_GetTick
 .text.__NVIC_SetPriorityGrouping
                0x00000000080006ec       0x48 ./Drivers/STM32WLxx_HAL_Driver/stm32wlxx_hal_cortex.o
 .text.__NVIC_GetPriorityGrouping
                0x0000000008000734       0x1c ./Drivers/STM32WLxx_HAL_Driver/stm32wlxx_hal_cortex.o
 .text.__NVIC_EnableIRQ
                0x0000000008000750       0x38 ./Drivers/STM32WLxx_HAL_Driver/stm32wlxx_hal_cortex.o
 .text.__NVIC_SetPriority
                0x0000000008000788       0x54 ./Drivers/STM32WLxx_HAL_Driver/stm32wlxx_hal_cortex.o
 .text.NVIC_EncodePriority
                0x00000000080007dc       0x64 ./Drivers/STM32WLxx_HAL_Driver/stm32wlxx_hal_cortex.o
 .text.HAL_NVIC_SetPriorityGrouping
                0x0000000008000840       0x16 ./Drivers/STM32WLxx_HAL_Driver/stm32wlxx_hal_cortex.o
                0x0000000008000840                HAL_NVIC_SetPriorityGrouping
 .text.HAL_NVIC_SetPriority
                0x0000000008000856       0x34 ./Drivers/STM32WLxx_HAL_Driver/stm32wlxx_hal_cortex.o
                0x0000000008000856                HAL_NVIC_SetPriority
 .text.HAL_NVIC_EnableIRQ
                0x000000000800088a       0x1c ./Drivers/STM32WLxx_HAL_Driver/stm32wlxx_hal_cortex.o
                0x000000000800088a                HAL_NVIC_EnableIRQ
 *fill*         0x00000000080008a6        0x2 
 .text.HAL_GPIO_Init
                0x00000000080008a8      0x2c0 ./Drivers/STM32WLxx_HAL_Driver/stm32wlxx_hal_gpio.o
                0x00000000080008a8                HAL_GPIO_Init
 .text.HAL_GPIO_WritePin
                0x0000000008000b68       0x2e ./Drivers/STM32WLxx_HAL_Driver/stm32wlxx_hal_gpio.o
                0x0000000008000b68                HAL_GPIO_WritePin
 .text.HAL_GPIO_TogglePin
                0x0000000008000b96       0x32 ./Drivers/STM32WLxx_HAL_Driver/stm32wlxx_hal_gpio.o
                0x0000000008000b96                HAL_GPIO_TogglePin
 .text.HAL_PWR_EnableBkUpAccess
                0x0000000008000bc8       0x1c ./Drivers/STM32WLxx_HAL_Driver/stm32wlxx_hal_pwr.o
                0x0000000008000bc8                HAL_PWR_EnableBkUpAccess
 .text.HAL_PWREx_GetVoltageRange
                0x0000000008000be4       0x18 ./Drivers/STM32WLxx_HAL_Driver/stm32wlxx_hal_pwr_ex.o
                0x0000000008000be4                HAL_PWREx_GetVoltageRange
 .text.LL_PWR_IsEnabledBkUpAccess
                0x0000000008000bfc       0x24 ./Drivers/STM32WLxx_HAL_Driver/stm32wlxx_hal_rcc.o
 .text.LL_RCC_HSE_EnableTcxo
                0x0000000008000c20       0x1c ./Drivers/STM32WLxx_HAL_Driver/stm32wlxx_hal_rcc.o
 .text.LL_RCC_HSE_DisableTcxo
                0x0000000008000c3c       0x1c ./Drivers/STM32WLxx_HAL_Driver/stm32wlxx_hal_rcc.o
 .text.LL_RCC_HSE_IsEnabledDiv2
                0x0000000008000c58       0x22 ./Drivers/STM32WLxx_HAL_Driver/stm32wlxx_hal_rcc.o
 .text.LL_RCC_HSE_Enable
                0x0000000008000c7a       0x1c ./Drivers/STM32WLxx_HAL_Driver/stm32wlxx_hal_rcc.o
 .text.LL_RCC_HSE_Disable
                0x0000000008000c96       0x1c ./Drivers/STM32WLxx_HAL_Driver/stm32wlxx_hal_rcc.o
 .text.LL_RCC_HSE_IsReady
                0x0000000008000cb2       0x22 ./Drivers/STM32WLxx_HAL_Driver/stm32wlxx_hal_rcc.o
 .text.LL_RCC_HSI_Enable
                0x0000000008000cd4       0x1c ./Drivers/STM32WLxx_HAL_Driver/stm32wlxx_hal_rcc.o
 .text.LL_RCC_HSI_Disable
                0x0000000008000cf0       0x1c ./Drivers/STM32WLxx_HAL_Driver/stm32wlxx_hal_rcc.o
 .text.LL_RCC_HSI_IsReady
                0x0000000008000d0c       0x22 ./Drivers/STM32WLxx_HAL_Driver/stm32wlxx_hal_rcc.o
 .text.LL_RCC_HSI_SetCalibTrimming
                0x0000000008000d2e       0x28 ./Drivers/STM32WLxx_HAL_Driver/stm32wlxx_hal_rcc.o
 .text.LL_RCC_LSE_IsReady
                0x0000000008000d56       0x22 ./Drivers/STM32WLxx_HAL_Driver/stm32wlxx_hal_rcc.o
 .text.LL_RCC_LSI_Enable
                0x0000000008000d78       0x20 ./Drivers/STM32WLxx_HAL_Driver/stm32wlxx_hal_rcc.o
 .text.LL_RCC_LSI_Disable
                0x0000000008000d98       0x20 ./Drivers/STM32WLxx_HAL_Driver/stm32wlxx_hal_rcc.o
 .text.LL_RCC_LSI_IsReady
                0x0000000008000db8       0x22 ./Drivers/STM32WLxx_HAL_Driver/stm32wlxx_hal_rcc.o
 .text.LL_RCC_MSI_Enable
                0x0000000008000dda       0x1c ./Drivers/STM32WLxx_HAL_Driver/stm32wlxx_hal_rcc.o
 .text.LL_RCC_MSI_Disable
                0x0000000008000df6       0x1c ./Drivers/STM32WLxx_HAL_Driver/stm32wlxx_hal_rcc.o
 .text.LL_RCC_MSI_IsReady
                0x0000000008000e12       0x20 ./Drivers/STM32WLxx_HAL_Driver/stm32wlxx_hal_rcc.o
 .text.LL_RCC_MSI_IsEnabledRangeSelect
                0x0000000008000e32       0x20 ./Drivers/STM32WLxx_HAL_Driver/stm32wlxx_hal_rcc.o
 .text.LL_RCC_MSI_GetRange
                0x0000000008000e52       0x16 ./Drivers/STM32WLxx_HAL_Driver/stm32wlxx_hal_rcc.o
 .text.LL_RCC_MSI_GetRangeAfterStandby
                0x0000000008000e68       0x18 ./Drivers/STM32WLxx_HAL_Driver/stm32wlxx_hal_rcc.o
 .text.LL_RCC_MSI_SetCalibTrimming
                0x0000000008000e80       0x28 ./Drivers/STM32WLxx_HAL_Driver/stm32wlxx_hal_rcc.o
 .text.LL_RCC_SetSysClkSource
                0x0000000008000ea8       0x26 ./Drivers/STM32WLxx_HAL_Driver/stm32wlxx_hal_rcc.o
 .text.LL_RCC_GetSysClkSource
                0x0000000008000ece       0x16 ./Drivers/STM32WLxx_HAL_Driver/stm32wlxx_hal_rcc.o
 .text.LL_RCC_SetAHBPrescaler
                0x0000000008000ee4       0x26 ./Drivers/STM32WLxx_HAL_Driver/stm32wlxx_hal_rcc.o
 .text.LL_C2_RCC_SetAHBPrescaler
                0x0000000008000f0a       0x2a ./Drivers/STM32WLxx_HAL_Driver/stm32wlxx_hal_rcc.o
 .text.LL_RCC_SetAHB3Prescaler
                0x0000000008000f34       0x2c ./Drivers/STM32WLxx_HAL_Driver/stm32wlxx_hal_rcc.o
 .text.LL_RCC_SetAPB1Prescaler
                0x0000000008000f60       0x26 ./Drivers/STM32WLxx_HAL_Driver/stm32wlxx_hal_rcc.o
 .text.LL_RCC_SetAPB2Prescaler
                0x0000000008000f86       0x26 ./Drivers/STM32WLxx_HAL_Driver/stm32wlxx_hal_rcc.o
 .text.LL_RCC_GetAHBPrescaler
                0x0000000008000fac       0x16 ./Drivers/STM32WLxx_HAL_Driver/stm32wlxx_hal_rcc.o
 .text.LL_C2_RCC_GetAHBPrescaler
                0x0000000008000fc2       0x18 ./Drivers/STM32WLxx_HAL_Driver/stm32wlxx_hal_rcc.o
 .text.LL_RCC_GetAHB3Prescaler
                0x0000000008000fda       0x1a ./Drivers/STM32WLxx_HAL_Driver/stm32wlxx_hal_rcc.o
 .text.LL_RCC_GetAPB1Prescaler
                0x0000000008000ff4       0x16 ./Drivers/STM32WLxx_HAL_Driver/stm32wlxx_hal_rcc.o
 .text.LL_RCC_GetAPB2Prescaler
                0x000000000800100a       0x16 ./Drivers/STM32WLxx_HAL_Driver/stm32wlxx_hal_rcc.o
 .text.LL_RCC_PLL_Enable
                0x0000000008001020       0x1c ./Drivers/STM32WLxx_HAL_Driver/stm32wlxx_hal_rcc.o
 .text.LL_RCC_PLL_Disable
                0x000000000800103c       0x1c ./Drivers/STM32WLxx_HAL_Driver/stm32wlxx_hal_rcc.o
 .text.LL_RCC_PLL_IsReady
                0x0000000008001058       0x22 ./Drivers/STM32WLxx_HAL_Driver/stm32wlxx_hal_rcc.o
 .text.LL_RCC_PLL_GetN
                0x000000000800107a       0x18 ./Drivers/STM32WLxx_HAL_Driver/stm32wlxx_hal_rcc.o
 .text.LL_RCC_PLL_GetR
                0x0000000008001092       0x16 ./Drivers/STM32WLxx_HAL_Driver/stm32wlxx_hal_rcc.o
 .text.LL_RCC_PLL_GetDivider
                0x00000000080010a8       0x16 ./Drivers/STM32WLxx_HAL_Driver/stm32wlxx_hal_rcc.o
 .text.LL_RCC_PLL_GetMainSource
                0x00000000080010be       0x16 ./Drivers/STM32WLxx_HAL_Driver/stm32wlxx_hal_rcc.o
 .text.LL_RCC_IsActiveFlag_HPRE
                0x00000000080010d4       0x22 ./Drivers/STM32WLxx_HAL_Driver/stm32wlxx_hal_rcc.o
 .text.LL_RCC_IsActiveFlag_C2HPRE
                0x00000000080010f6       0x24 ./Drivers/STM32WLxx_HAL_Driver/stm32wlxx_hal_rcc.o
 .text.LL_RCC_IsActiveFlag_SHDHPRE
                0x000000000800111a       0x24 ./Drivers/STM32WLxx_HAL_Driver/stm32wlxx_hal_rcc.o
 .text.LL_RCC_IsActiveFlag_PPRE1
                0x000000000800113e       0x22 ./Drivers/STM32WLxx_HAL_Driver/stm32wlxx_hal_rcc.o
 .text.LL_RCC_IsActiveFlag_PPRE2
                0x0000000008001160       0x22 ./Drivers/STM32WLxx_HAL_Driver/stm32wlxx_hal_rcc.o
 *fill*         0x0000000008001182        0x2 
 .text.HAL_RCC_OscConfig
                0x0000000008001184      0x738 ./Drivers/STM32WLxx_HAL_Driver/stm32wlxx_hal_rcc.o
                0x0000000008001184                HAL_RCC_OscConfig
 .text.HAL_RCC_ClockConfig
                0x00000000080018bc      0x284 ./Drivers/STM32WLxx_HAL_Driver/stm32wlxx_hal_rcc.o
                0x00000000080018bc                HAL_RCC_ClockConfig
 .text.HAL_RCC_GetSysClockFreq
                0x0000000008001b40      0x140 ./Drivers/STM32WLxx_HAL_Driver/stm32wlxx_hal_rcc.o
                0x0000000008001b40                HAL_RCC_GetSysClockFreq
 .text.HAL_RCC_GetHCLKFreq
                0x0000000008001c80       0x28 ./Drivers/STM32WLxx_HAL_Driver/stm32wlxx_hal_rcc.o
                0x0000000008001c80                HAL_RCC_GetHCLKFreq
 .text.HAL_RCC_GetPCLK2Freq
                0x0000000008001ca8       0x24 ./Drivers/STM32WLxx_HAL_Driver/stm32wlxx_hal_rcc.o
                0x0000000008001ca8                HAL_RCC_GetPCLK2Freq
 .text.HAL_RCC_GetClockConfig
                0x0000000008001ccc       0x7c ./Drivers/STM32WLxx_HAL_Driver/stm32wlxx_hal_rcc.o
                0x0000000008001ccc                HAL_RCC_GetClockConfig
 .text.RCC_SetFlashLatencyFromMSIRange
                0x0000000008001d48       0x60 ./Drivers/STM32WLxx_HAL_Driver/stm32wlxx_hal_rcc.o
 .text.RCC_SetFlashLatency
                0x0000000008001da8      0x104 ./Drivers/STM32WLxx_HAL_Driver/stm32wlxx_hal_rcc.o
 .text.HAL_TIM_Base_Init
                0x0000000008001eac       0xae ./Drivers/STM32WLxx_HAL_Driver/stm32wlxx_hal_tim.o
                0x0000000008001eac                HAL_TIM_Base_Init
 .text.HAL_TIM_Base_MspInit
                0x0000000008001f5a       0x12 ./Drivers/STM32WLxx_HAL_Driver/stm32wlxx_hal_tim.o
                0x0000000008001f5a                HAL_TIM_Base_MspInit
 .text.HAL_TIM_Base_Start_IT
                0x0000000008001f6c       0x98 ./Drivers/STM32WLxx_HAL_Driver/stm32wlxx_hal_tim.o
                0x0000000008001f6c                HAL_TIM_Base_Start_IT
 .text.HAL_TIM_IRQHandler
                0x0000000008002004      0x23e ./Drivers/STM32WLxx_HAL_Driver/stm32wlxx_hal_tim.o
                0x0000000008002004                HAL_TIM_IRQHandler
 .text.HAL_TIM_OC_DelayElapsedCallback
                0x0000000008002242       0x12 ./Drivers/STM32WLxx_HAL_Driver/stm32wlxx_hal_tim.o
                0x0000000008002242                HAL_TIM_OC_DelayElapsedCallback
 .text.HAL_TIM_IC_CaptureCallback
                0x0000000008002254       0x12 ./Drivers/STM32WLxx_HAL_Driver/stm32wlxx_hal_tim.o
                0x0000000008002254                HAL_TIM_IC_CaptureCallback
 .text.HAL_TIM_PWM_PulseFinishedCallback
                0x0000000008002266       0x12 ./Drivers/STM32WLxx_HAL_Driver/stm32wlxx_hal_tim.o
                0x0000000008002266                HAL_TIM_PWM_PulseFinishedCallback
 .text.HAL_TIM_TriggerCallback
                0x0000000008002278       0x12 ./Drivers/STM32WLxx_HAL_Driver/stm32wlxx_hal_tim.o
                0x0000000008002278                HAL_TIM_TriggerCallback
 *fill*         0x000000000800228a        0x2 
 .text.TIM_Base_SetConfig
                0x000000000800228c       0xc4 ./Drivers/STM32WLxx_HAL_Driver/stm32wlxx_hal_tim.o
                0x000000000800228c                TIM_Base_SetConfig
 .text.HAL_TIMEx_CommutCallback
                0x0000000008002350       0x12 ./Drivers/STM32WLxx_HAL_Driver/stm32wlxx_hal_tim_ex.o
                0x0000000008002350                HAL_TIMEx_CommutCallback
 .text.HAL_TIMEx_BreakCallback
                0x0000000008002362       0x12 ./Drivers/STM32WLxx_HAL_Driver/stm32wlxx_hal_tim_ex.o
                0x0000000008002362                HAL_TIMEx_BreakCallback
 .text.HAL_TIMEx_Break2Callback
                0x0000000008002374       0x12 ./Drivers/STM32WLxx_HAL_Driver/stm32wlxx_hal_tim_ex.o
                0x0000000008002374                HAL_TIMEx_Break2Callback
 .text.SVC_Setup
                0x0000000008002386        0xc ./Middlewares/FreeRTOS/cmsis_os2.o
 *fill*         0x0000000008002392        0x2 
 .text.osKernelInitialize
                0x0000000008002394       0x64 ./Middlewares/FreeRTOS/cmsis_os2.o
                0x0000000008002394                osKernelInitialize
 .text.osKernelStart
                0x00000000080023f8       0x6c ./Middlewares/FreeRTOS/cmsis_os2.o
                0x00000000080023f8                osKernelStart
 .text.osKernelGetTickCount
                0x0000000008002464       0x50 ./Middlewares/FreeRTOS/cmsis_os2.o
                0x0000000008002464                osKernelGetTickCount
 .text.osThreadNew
                0x00000000080024b4      0x14c ./Middlewares/FreeRTOS/cmsis_os2.o
                0x00000000080024b4                osThreadNew
 .text.osThreadSuspend
                0x0000000008002600       0x68 ./Middlewares/FreeRTOS/cmsis_os2.o
                0x0000000008002600                osThreadSuspend
 .text.osThreadResume
                0x0000000008002668       0x68 ./Middlewares/FreeRTOS/cmsis_os2.o
                0x0000000008002668                osThreadResume
 .text.osDelay  0x00000000080026d0       0x5c ./Middlewares/FreeRTOS/cmsis_os2.o
                0x00000000080026d0                osDelay
 .text.vApplicationGetIdleTaskMemory
                0x000000000800272c       0x30 ./Middlewares/FreeRTOS/cmsis_os2.o
                0x000000000800272c                vApplicationGetIdleTaskMemory
 .text.vApplicationGetTimerTaskMemory
                0x000000000800275c       0x34 ./Middlewares/FreeRTOS/cmsis_os2.o
                0x000000000800275c                vApplicationGetTimerTaskMemory
 .text.pvPortMalloc
                0x0000000008002790      0x188 ./Middlewares/FreeRTOS/heap_4.o
                0x0000000008002790                pvPortMalloc
 .text.vPortFree
                0x0000000008002918       0xb4 ./Middlewares/FreeRTOS/heap_4.o
                0x0000000008002918                vPortFree
 .text.prvHeapInit
                0x00000000080029cc       0xc4 ./Middlewares/FreeRTOS/heap_4.o
 .text.prvInsertBlockIntoFreeList
                0x0000000008002a90       0xb0 ./Middlewares/FreeRTOS/heap_4.o
 .text.vListInitialise
                0x0000000008002b40       0x3e ./Middlewares/FreeRTOS/list.o
                0x0000000008002b40                vListInitialise
 .text.vListInitialiseItem
                0x0000000008002b7e       0x18 ./Middlewares/FreeRTOS/list.o
                0x0000000008002b7e                vListInitialiseItem
 .text.vListInsertEnd
                0x0000000008002b96       0x46 ./Middlewares/FreeRTOS/list.o
                0x0000000008002b96                vListInsertEnd
 .text.vListInsert
                0x0000000008002bdc       0x70 ./Middlewares/FreeRTOS/list.o
                0x0000000008002bdc                vListInsert
 .text.uxListRemove
                0x0000000008002c4c       0x52 ./Middlewares/FreeRTOS/list.o
                0x0000000008002c4c                uxListRemove
 *fill*         0x0000000008002c9e        0x2 
 .text.pxPortInitialiseStack
                0x0000000008002ca0       0x58 ./Middlewares/FreeRTOS/port.o
                0x0000000008002ca0                pxPortInitialiseStack
 .text.prvTaskExitError
                0x0000000008002cf8       0x58 ./Middlewares/FreeRTOS/port.o
 .text.SVC_Handler
                0x0000000008002d50       0x28 ./Middlewares/FreeRTOS/port.o
                0x0000000008002d50                SVC_Handler
 .text.prvPortStartFirstTask
                0x0000000008002d78       0x20 ./Middlewares/FreeRTOS/port.o
 .text.xPortStartScheduler
                0x0000000008002d98       0xe4 ./Middlewares/FreeRTOS/port.o
                0x0000000008002d98                xPortStartScheduler
 .text.vPortEnterCritical
                0x0000000008002e7c       0x60 ./Middlewares/FreeRTOS/port.o
                0x0000000008002e7c                vPortEnterCritical
 .text.vPortExitCritical
                0x0000000008002edc       0x50 ./Middlewares/FreeRTOS/port.o
                0x0000000008002edc                vPortExitCritical
 *fill*         0x0000000008002f2c        0x4 
 .text.PendSV_Handler
                0x0000000008002f30       0x48 ./Middlewares/FreeRTOS/port.o
                0x0000000008002f30                PendSV_Handler
 .text.SysTick_Handler
                0x0000000008002f78       0x44 ./Middlewares/FreeRTOS/port.o
                0x0000000008002f78                SysTick_Handler
 .text.vPortSetupTimerInterrupt
                0x0000000008002fbc       0x44 ./Middlewares/FreeRTOS/port.o
                0x0000000008002fbc                vPortSetupTimerInterrupt
 .text.vPortValidateInterruptPriority
                0x0000000008003000       0x7c ./Middlewares/FreeRTOS/port.o
                0x0000000008003000                vPortValidateInterruptPriority
 .text.xQueueGenericReset
                0x000000000800307c       0xd0 ./Middlewares/FreeRTOS/queue.o
                0x000000000800307c                xQueueGenericReset
 .text.xQueueGenericCreateStatic
                0x000000000800314c       0xf0 ./Middlewares/FreeRTOS/queue.o
                0x000000000800314c                xQueueGenericCreateStatic
 .text.prvInitialiseNewQueue
                0x000000000800323c       0x46 ./Middlewares/FreeRTOS/queue.o
 *fill*         0x0000000008003282        0x2 
 .text.xQueueGenericSend
                0x0000000008003284      0x1fc ./Middlewares/FreeRTOS/queue.o
                0x0000000008003284                xQueueGenericSend
 .text.xQueueGenericSendFromISR
                0x0000000008003480      0x130 ./Middlewares/FreeRTOS/queue.o
                0x0000000008003480                xQueueGenericSendFromISR
 .text.xQueueReceive
                0x00000000080035b0      0x1c0 ./Middlewares/FreeRTOS/queue.o
                0x00000000080035b0                xQueueReceive
 .text.prvCopyDataToQueue
                0x0000000008003770       0xd4 ./Middlewares/FreeRTOS/queue.o
 .text.prvCopyDataFromQueue
                0x0000000008003844       0x4c ./Middlewares/FreeRTOS/queue.o
 .text.prvUnlockQueue
                0x0000000008003890       0xa4 ./Middlewares/FreeRTOS/queue.o
 .text.prvIsQueueEmpty
                0x0000000008003934       0x2c ./Middlewares/FreeRTOS/queue.o
 .text.prvIsQueueFull
                0x0000000008003960       0x30 ./Middlewares/FreeRTOS/queue.o
 .text.vQueueAddToRegistry
                0x0000000008003990       0x50 ./Middlewares/FreeRTOS/queue.o
                0x0000000008003990                vQueueAddToRegistry
 .text.vQueueWaitForMessageRestricted
                0x00000000080039e0       0x68 ./Middlewares/FreeRTOS/queue.o
                0x00000000080039e0                vQueueWaitForMessageRestricted
 .text.xTaskCreateStatic
                0x0000000008003a48       0xba ./Middlewares/FreeRTOS/tasks.o
                0x0000000008003a48                xTaskCreateStatic
 .text.xTaskCreate
                0x0000000008003b02       0x8a ./Middlewares/FreeRTOS/tasks.o
                0x0000000008003b02                xTaskCreate
 .text.prvInitialiseNewTask
                0x0000000008003b8c      0x11e ./Middlewares/FreeRTOS/tasks.o
 *fill*         0x0000000008003caa        0x2 
 .text.prvAddNewTaskToReadyList
                0x0000000008003cac       0xe0 ./Middlewares/FreeRTOS/tasks.o
 .text.vTaskDelay
                0x0000000008003d8c       0x68 ./Middlewares/FreeRTOS/tasks.o
                0x0000000008003d8c                vTaskDelay
 .text.vTaskSuspend
                0x0000000008003df4       0xec ./Middlewares/FreeRTOS/tasks.o
                0x0000000008003df4                vTaskSuspend
 .text.prvTaskIsTaskSuspended
                0x0000000008003ee0       0x60 ./Middlewares/FreeRTOS/tasks.o
 .text.vTaskResume
                0x0000000008003f40       0xbc ./Middlewares/FreeRTOS/tasks.o
                0x0000000008003f40                vTaskResume
 .text.vTaskStartScheduler
                0x0000000008003ffc       0xcc ./Middlewares/FreeRTOS/tasks.o
                0x0000000008003ffc                vTaskStartScheduler
 .text.vTaskSuspendAll
                0x00000000080040c8       0x1c ./Middlewares/FreeRTOS/tasks.o
                0x00000000080040c8                vTaskSuspendAll
 .text.xTaskResumeAll
                0x00000000080040e4      0x13c ./Middlewares/FreeRTOS/tasks.o
                0x00000000080040e4                xTaskResumeAll
 .text.xTaskGetTickCount
                0x0000000008004220       0x1c ./Middlewares/FreeRTOS/tasks.o
                0x0000000008004220                xTaskGetTickCount
 .text.xTaskGetTickCountFromISR
                0x000000000800423c       0x24 ./Middlewares/FreeRTOS/tasks.o
                0x000000000800423c                xTaskGetTickCountFromISR
 .text.xTaskIncrementTick
                0x0000000008004260      0x174 ./Middlewares/FreeRTOS/tasks.o
                0x0000000008004260                xTaskIncrementTick
 .text.vTaskSwitchContext
                0x00000000080043d4       0xb8 ./Middlewares/FreeRTOS/tasks.o
                0x00000000080043d4                vTaskSwitchContext
 .text.vTaskPlaceOnEventList
                0x000000000800448c       0x48 ./Middlewares/FreeRTOS/tasks.o
                0x000000000800448c                vTaskPlaceOnEventList
 .text.vTaskPlaceOnEventListRestricted
                0x00000000080044d4       0x58 ./Middlewares/FreeRTOS/tasks.o
                0x00000000080044d4                vTaskPlaceOnEventListRestricted
 .text.xTaskRemoveFromEventList
                0x000000000800452c       0xc8 ./Middlewares/FreeRTOS/tasks.o
                0x000000000800452c                xTaskRemoveFromEventList
 .text.vTaskInternalSetTimeOutState
                0x00000000080045f4       0x2c ./Middlewares/FreeRTOS/tasks.o
                0x00000000080045f4                vTaskInternalSetTimeOutState
 .text.xTaskCheckForTimeOut
                0x0000000008004620       0xc4 ./Middlewares/FreeRTOS/tasks.o
                0x0000000008004620                xTaskCheckForTimeOut
 .text.vTaskMissedYield
                0x00000000080046e4       0x18 ./Middlewares/FreeRTOS/tasks.o
                0x00000000080046e4                vTaskMissedYield
 .text.prvIdleTask
                0x00000000080046fc       0x30 ./Middlewares/FreeRTOS/tasks.o
 .text.prvInitialiseTaskLists
                0x000000000800472c       0x80 ./Middlewares/FreeRTOS/tasks.o
 .text.prvCheckTasksWaitingTermination
                0x00000000080047ac       0x5c ./Middlewares/FreeRTOS/tasks.o
 .text.prvDeleteTCB
                0x0000000008004808       0x5e ./Middlewares/FreeRTOS/tasks.o
 *fill*         0x0000000008004866        0x2 
 .text.prvResetNextTaskUnblockTime
                0x0000000008004868       0x40 ./Middlewares/FreeRTOS/tasks.o
 .text.xTaskGetSchedulerState
                0x00000000080048a8       0x3c ./Middlewares/FreeRTOS/tasks.o
                0x00000000080048a8                xTaskGetSchedulerState
 .text.xTaskPriorityDisinherit
                0x00000000080048e4       0xdc ./Middlewares/FreeRTOS/tasks.o
                0x00000000080048e4                xTaskPriorityDisinherit
 .text.prvAddCurrentTaskToDelayedList
                0x00000000080049c0       0xa8 ./Middlewares/FreeRTOS/tasks.o
 .text.xTimerCreateTimerTask
                0x0000000008004a68       0x90 ./Middlewares/FreeRTOS/timers.o
                0x0000000008004a68                xTimerCreateTimerTask
 .text.xTimerGenericCommand
                0x0000000008004af8       0x9c ./Middlewares/FreeRTOS/timers.o
                0x0000000008004af8                xTimerGenericCommand
 .text.prvProcessExpiredTimer
                0x0000000008004b94       0x98 ./Middlewares/FreeRTOS/timers.o
 .text.prvTimerTask
                0x0000000008004c2c       0x24 ./Middlewares/FreeRTOS/timers.o
 .text.prvProcessTimerOrBlockTask
                0x0000000008004c50       0x9c ./Middlewares/FreeRTOS/timers.o
 .text.prvGetNextExpireTime
                0x0000000008004cec       0x44 ./Middlewares/FreeRTOS/timers.o
 .text.prvSampleTimeNow
                0x0000000008004d30       0x40 ./Middlewares/FreeRTOS/timers.o
 .text.prvInsertTimerInActiveList
                0x0000000008004d70       0x84 ./Middlewares/FreeRTOS/timers.o
 .text.prvProcessReceivedCommands
                0x0000000008004df4      0x1c4 ./Middlewares/FreeRTOS/timers.o
 .text.prvSwitchTimerLists
                0x0000000008004fb8       0xc8 ./Middlewares/FreeRTOS/timers.o
 .text.prvCheckForValidListAndQueue
                0x0000000008005080       0x80 ./Middlewares/FreeRTOS/timers.o
 .text.__libc_init_array
                0x0000000008005100       0x48 c:/st/stm32cubeide_1.9.0/stm32cubeide/plugins/com.st.stm32cube.ide.mcu.externaltools.gnu-tools-for-stm32.10.3-2021.10.win32_1.0.0.202111181127/tools/bin/../lib/gcc/arm-none-eabi/10.3.1/../../../../arm-none-eabi/lib/thumb/v7e-m/nofp\libc_nano.a(lib_a-init.o)
                0x0000000008005100                __libc_init_array
 .text.memcpy   0x0000000008005148       0x1c c:/st/stm32cubeide_1.9.0/stm32cubeide/plugins/com.st.stm32cube.ide.mcu.externaltools.gnu-tools-for-stm32.10.3-2021.10.win32_1.0.0.202111181127/tools/bin/../lib/gcc/arm-none-eabi/10.3.1/../../../../arm-none-eabi/lib/thumb/v7e-m/nofp\libc_nano.a(lib_a-memcpy-stub.o)
                0x0000000008005148                memcpy
 .text.memset   0x0000000008005164       0x10 c:/st/stm32cubeide_1.9.0/stm32cubeide/plugins/com.st.stm32cube.ide.mcu.externaltools.gnu-tools-for-stm32.10.3-2021.10.win32_1.0.0.202111181127/tools/bin/../lib/gcc/arm-none-eabi/10.3.1/../../../../arm-none-eabi/lib/thumb/v7e-m/nofp\libc_nano.a(lib_a-memset.o)
                0x0000000008005164                memset
 *(.glue_7)
 .glue_7        0x0000000008005174        0x0 linker stubs
 *(.glue_7t)
 .glue_7t       0x0000000008005174        0x0 linker stubs
 *(.eh_frame)
 .eh_frame      0x0000000008005174        0x0 c:/st/stm32cubeide_1.9.0/stm32cubeide/plugins/com.st.stm32cube.ide.mcu.externaltools.gnu-tools-for-stm32.10.3-2021.10.win32_1.0.0.202111181127/tools/bin/../lib/gcc/arm-none-eabi/10.3.1/thumb/v7e-m/nofp/crtbegin.o
 *(.init)
 .init          0x0000000008005174        0x4 c:/st/stm32cubeide_1.9.0/stm32cubeide/plugins/com.st.stm32cube.ide.mcu.externaltools.gnu-tools-for-stm32.10.3-2021.10.win32_1.0.0.202111181127/tools/bin/../lib/gcc/arm-none-eabi/10.3.1/thumb/v7e-m/nofp/crti.o
                0x0000000008005174                _init
 .init          0x0000000008005178        0x8 c:/st/stm32cubeide_1.9.0/stm32cubeide/plugins/com.st.stm32cube.ide.mcu.externaltools.gnu-tools-for-stm32.10.3-2021.10.win32_1.0.0.202111181127/tools/bin/../lib/gcc/arm-none-eabi/10.3.1/thumb/v7e-m/nofp/crtn.o
 *(.fini)
 .fini          0x0000000008005180        0x4 c:/st/stm32cubeide_1.9.0/stm32cubeide/plugins/com.st.stm32cube.ide.mcu.externaltools.gnu-tools-for-stm32.10.3-2021.10.win32_1.0.0.202111181127/tools/bin/../lib/gcc/arm-none-eabi/10.3.1/thumb/v7e-m/nofp/crti.o
                0x0000000008005180                _fini
 .fini          0x0000000008005184        0x8 c:/st/stm32cubeide_1.9.0/stm32cubeide/plugins/com.st.stm32cube.ide.mcu.externaltools.gnu-tools-for-stm32.10.3-2021.10.win32_1.0.0.202111181127/tools/bin/../lib/gcc/arm-none-eabi/10.3.1/thumb/v7e-m/nofp/crtn.o
                0x0000000008005190                . = ALIGN (0x8)
 *fill*         0x000000000800518c        0x4 
                0x0000000008005190                _etext = .

.vfp11_veneer   0x0000000008005190        0x0
 .vfp11_veneer  0x0000000008005190        0x0 linker stubs

.v4_bx          0x0000000008005190        0x0
 .v4_bx         0x0000000008005190        0x0 linker stubs

.iplt           0x0000000008005190        0x0
 .iplt          0x0000000008005190        0x0 c:/st/stm32cubeide_1.9.0/stm32cubeide/plugins/com.st.stm32cube.ide.mcu.externaltools.gnu-tools-for-stm32.10.3-2021.10.win32_1.0.0.202111181127/tools/bin/../lib/gcc/arm-none-eabi/10.3.1/thumb/v7e-m/nofp/crtbegin.o

.rodata         0x0000000008005190      0x138
                0x0000000008005190                . = ALIGN (0x8)
 *(.rodata)
 .rodata        0x0000000008005190       0x10 ./Application/User/main.o
 .rodata        0x00000000080051a0       0x1c ./Drivers/STM32WLxx_HAL_Driver/stm32wlxx_hal_rcc.o
 .rodata        0x00000000080051bc        0x5 ./Middlewares/FreeRTOS/tasks.o
 *fill*         0x00000000080051c1        0x3 
 .rodata        0x00000000080051c4        0xd ./Middlewares/FreeRTOS/timers.o
 *(.rodata*)
 *fill*         0x00000000080051d1        0x3 
 .rodata.THREAD1_attributes
                0x00000000080051d4       0x24 ./Application/User/main.o
                0x00000000080051d4                THREAD1_attributes
 .rodata.THREAD2_attributes
                0x00000000080051f8       0x24 ./Application/User/main.o
                0x00000000080051f8                THREAD2_attributes
 .rodata.LED_PIN
                0x000000000800521c        0x6 ./Drivers/BSP/STM32WLxx_Nucleo/stm32wlxx_nucleo.o
 *fill*         0x0000000008005222        0x2 
 .rodata.AHBPrescTable
                0x0000000008005224       0x40 ./Drivers/CMSIS/system_stm32wlxx.o
                0x0000000008005224                AHBPrescTable
 .rodata.APBPrescTable
                0x0000000008005264       0x20 ./Drivers/CMSIS/system_stm32wlxx.o
                0x0000000008005264                APBPrescTable
 .rodata.MSIRangeTable
                0x0000000008005284       0x40 ./Drivers/CMSIS/system_stm32wlxx.o
                0x0000000008005284                MSIRangeTable
                0x00000000080052c8                . = ALIGN (0x8)
 *fill*         0x00000000080052c4        0x4 

.rel.dyn        0x00000000080052c8        0x0
 .rel.iplt      0x00000000080052c8        0x0 c:/st/stm32cubeide_1.9.0/stm32cubeide/plugins/com.st.stm32cube.ide.mcu.externaltools.gnu-tools-for-stm32.10.3-2021.10.win32_1.0.0.202111181127/tools/bin/../lib/gcc/arm-none-eabi/10.3.1/thumb/v7e-m/nofp/crtbegin.o

.ARM.extab      0x00000000080052c8        0x0
                0x00000000080052c8                . = ALIGN (0x8)
 *(.ARM.extab* .gnu.linkonce.armextab.*)
                0x00000000080052c8                . = ALIGN (0x8)

.ARM            0x00000000080052c8        0x0
                0x00000000080052c8                . = ALIGN (0x8)
                0x00000000080052c8                __exidx_start = .
 *(.ARM.exidx*)
                0x00000000080052c8                __exidx_end = .
                0x00000000080052c8                . = ALIGN (0x8)

.preinit_array  0x00000000080052c8        0x0
                0x00000000080052c8                . = ALIGN (0x8)
                0x00000000080052c8                PROVIDE (__preinit_array_start = .)
 *(.preinit_array*)
                0x00000000080052c8                PROVIDE (__preinit_array_end = .)
                0x00000000080052c8                . = ALIGN (0x8)

.init_array     0x00000000080052c8        0x8
                0x00000000080052c8                . = ALIGN (0x8)
                0x00000000080052c8                PROVIDE (__init_array_start = .)
 *(SORT_BY_NAME(.init_array.*))
 *(.init_array*)
 .init_array    0x00000000080052c8        0x4 c:/st/stm32cubeide_1.9.0/stm32cubeide/plugins/com.st.stm32cube.ide.mcu.externaltools.gnu-tools-for-stm32.10.3-2021.10.win32_1.0.0.202111181127/tools/bin/../lib/gcc/arm-none-eabi/10.3.1/thumb/v7e-m/nofp/crtbegin.o
                0x00000000080052cc                PROVIDE (__init_array_end = .)
                0x00000000080052d0                . = ALIGN (0x8)
 *fill*         0x00000000080052cc        0x4 

.fini_array     0x00000000080052d0        0x8
                0x00000000080052d0                . = ALIGN (0x8)
                [!provide]                        PROVIDE (__fini_array_start = .)
 *(SORT_BY_NAME(.fini_array.*))
 *(.fini_array*)
 .fini_array    0x00000000080052d0        0x4 c:/st/stm32cubeide_1.9.0/stm32cubeide/plugins/com.st.stm32cube.ide.mcu.externaltools.gnu-tools-for-stm32.10.3-2021.10.win32_1.0.0.202111181127/tools/bin/../lib/gcc/arm-none-eabi/10.3.1/thumb/v7e-m/nofp/crtbegin.o
                [!provide]                        PROVIDE (__fini_array_end = .)
                0x00000000080052d8                . = ALIGN (0x8)
 *fill*         0x00000000080052d4        0x4 
                0x00000000080052d8                _sidata = LOADADDR (.data)

.data           0x0000000020000000       0x20 load address 0x00000000080052d8
                0x0000000020000000                . = ALIGN (0x8)
                0x0000000020000000                _sdata = .
 *(.data)
 *(.data*)
 .data.LED_PORT
                0x0000000020000000        0xc ./Drivers/BSP/STM32WLxx_Nucleo/stm32wlxx_nucleo.o
 .data.SystemCoreClock
                0x000000002000000c        0x4 ./Drivers/CMSIS/system_stm32wlxx.o
                0x000000002000000c                SystemCoreClock
 .data.uwTickPrio
                0x0000000020000010        0x4 ./Drivers/STM32WLxx_HAL_Driver/stm32wlxx_hal.o
                0x0000000020000010                uwTickPrio
 .data.uwTickFreq
                0x0000000020000014        0x1 ./Drivers/STM32WLxx_HAL_Driver/stm32wlxx_hal.o
                0x0000000020000014                uwTickFreq
 *fill*         0x0000000020000015        0x3 
 .data.uxCriticalNesting
                0x0000000020000018        0x4 ./Middlewares/FreeRTOS/port.o
                0x0000000020000020                . = ALIGN (0x8)
 *fill*         0x000000002000001c        0x4 
                0x0000000020000020                _edata = .

.igot.plt       0x0000000020000020        0x0 load address 0x00000000080052f8
 .igot.plt      0x0000000020000020        0x0 c:/st/stm32cubeide_1.9.0/stm32cubeide/plugins/com.st.stm32cube.ide.mcu.externaltools.gnu-tools-for-stm32.10.3-2021.10.win32_1.0.0.202111181127/tools/bin/../lib/gcc/arm-none-eabi/10.3.1/thumb/v7e-m/nofp/crtbegin.o
                0x0000000020000020                . = ALIGN (0x8)

.bss            0x0000000020000020     0x1dc0 load address 0x00000000080052f8
                0x0000000020000020                _sbss = .
                0x0000000020000020                __bss_start__ = _sbss
 *(.bss)
 .bss           0x0000000020000020       0x1c c:/st/stm32cubeide_1.9.0/stm32cubeide/plugins/com.st.stm32cube.ide.mcu.externaltools.gnu-tools-for-stm32.10.3-2021.10.win32_1.0.0.202111181127/tools/bin/../lib/gcc/arm-none-eabi/10.3.1/thumb/v7e-m/nofp/crtbegin.o
 *(.bss*)
 .bss.THREAD1Handle
                0x000000002000003c        0x4 ./Application/User/main.o
                0x000000002000003c                THREAD1Handle
 .bss.THREAD2Handle
                0x0000000020000040        0x4 ./Application/User/main.o
                0x0000000020000040                THREAD2Handle
 .bss.OsStatus  0x0000000020000044        0x4 ./Application/User/main.o
                0x0000000020000044                OsStatus
 .bss.htim17    0x0000000020000048       0x4c ./Application/User/stm32wlxx_hal_timebase_tim.o
                0x0000000020000048                htim17
 .bss.uwTick    0x0000000020000094        0x4 ./Drivers/STM32WLxx_HAL_Driver/stm32wlxx_hal.o
                0x0000000020000094                uwTick
 .bss.KernelState
                0x0000000020000098        0x4 ./Middlewares/FreeRTOS/cmsis_os2.o
 .bss.Idle_TCB  0x000000002000009c       0x5c ./Middlewares/FreeRTOS/cmsis_os2.o
 .bss.Idle_Stack
                0x00000000200000f8      0x200 ./Middlewares/FreeRTOS/cmsis_os2.o
 .bss.Timer_TCB
                0x00000000200002f8       0x5c ./Middlewares/FreeRTOS/cmsis_os2.o
 .bss.Timer_Stack
                0x0000000020000354      0x400 ./Middlewares/FreeRTOS/cmsis_os2.o
 .bss.ucHeap    0x0000000020000754     0x1000 ./Middlewares/FreeRTOS/heap_4.o
 .bss.xStart    0x0000000020001754        0x8 ./Middlewares/FreeRTOS/heap_4.o
 .bss.pxEnd     0x000000002000175c        0x4 ./Middlewares/FreeRTOS/heap_4.o
 .bss.xFreeBytesRemaining
                0x0000000020001760        0x4 ./Middlewares/FreeRTOS/heap_4.o
 .bss.xMinimumEverFreeBytesRemaining
                0x0000000020001764        0x4 ./Middlewares/FreeRTOS/heap_4.o
 .bss.xBlockAllocatedBit
                0x0000000020001768        0x4 ./Middlewares/FreeRTOS/heap_4.o
 .bss.ucMaxSysCallPriority
                0x000000002000176c        0x1 ./Middlewares/FreeRTOS/port.o
 *fill*         0x000000002000176d        0x3 
 .bss.ulMaxPRIGROUPValue
                0x0000000020001770        0x4 ./Middlewares/FreeRTOS/port.o
 .bss.xQueueRegistry
                0x0000000020001774       0x40 ./Middlewares/FreeRTOS/queue.o
                0x0000000020001774                xQueueRegistry
 .bss.pxCurrentTCB
                0x00000000200017b4        0x4 ./Middlewares/FreeRTOS/tasks.o
                0x00000000200017b4                pxCurrentTCB
 .bss.pxReadyTasksLists
                0x00000000200017b8      0x460 ./Middlewares/FreeRTOS/tasks.o
 .bss.xDelayedTaskList1
                0x0000000020001c18       0x14 ./Middlewares/FreeRTOS/tasks.o
 .bss.xDelayedTaskList2
                0x0000000020001c2c       0x14 ./Middlewares/FreeRTOS/tasks.o
 .bss.pxDelayedTaskList
                0x0000000020001c40        0x4 ./Middlewares/FreeRTOS/tasks.o
 .bss.pxOverflowDelayedTaskList
                0x0000000020001c44        0x4 ./Middlewares/FreeRTOS/tasks.o
 .bss.xPendingReadyList
                0x0000000020001c48       0x14 ./Middlewares/FreeRTOS/tasks.o
 .bss.xTasksWaitingTermination
                0x0000000020001c5c       0x14 ./Middlewares/FreeRTOS/tasks.o
 .bss.uxDeletedTasksWaitingCleanUp
                0x0000000020001c70        0x4 ./Middlewares/FreeRTOS/tasks.o
 .bss.xSuspendedTaskList
                0x0000000020001c74       0x14 ./Middlewares/FreeRTOS/tasks.o
 .bss.uxCurrentNumberOfTasks
                0x0000000020001c88        0x4 ./Middlewares/FreeRTOS/tasks.o
 .bss.xTickCount
                0x0000000020001c8c        0x4 ./Middlewares/FreeRTOS/tasks.o
 .bss.uxTopReadyPriority
                0x0000000020001c90        0x4 ./Middlewares/FreeRTOS/tasks.o
 .bss.xSchedulerRunning
                0x0000000020001c94        0x4 ./Middlewares/FreeRTOS/tasks.o
 .bss.uxPendedTicks
                0x0000000020001c98        0x4 ./Middlewares/FreeRTOS/tasks.o
 .bss.xYieldPending
                0x0000000020001c9c        0x4 ./Middlewares/FreeRTOS/tasks.o
 .bss.xNumOfOverflows
                0x0000000020001ca0        0x4 ./Middlewares/FreeRTOS/tasks.o
 .bss.uxTaskNumber
                0x0000000020001ca4        0x4 ./Middlewares/FreeRTOS/tasks.o
 .bss.xNextTaskUnblockTime
                0x0000000020001ca8        0x4 ./Middlewares/FreeRTOS/tasks.o
 .bss.xIdleTaskHandle
                0x0000000020001cac        0x4 ./Middlewares/FreeRTOS/tasks.o
 .bss.uxSchedulerSuspended
                0x0000000020001cb0        0x4 ./Middlewares/FreeRTOS/tasks.o
 .bss.xActiveTimerList1
                0x0000000020001cb4       0x14 ./Middlewares/FreeRTOS/timers.o
 .bss.xActiveTimerList2
                0x0000000020001cc8       0x14 ./Middlewares/FreeRTOS/timers.o
 .bss.pxCurrentTimerList
                0x0000000020001cdc        0x4 ./Middlewares/FreeRTOS/timers.o
 .bss.pxOverflowTimerList
                0x0000000020001ce0        0x4 ./Middlewares/FreeRTOS/timers.o
 .bss.xTimerQueue
                0x0000000020001ce4        0x4 ./Middlewares/FreeRTOS/timers.o
 .bss.xTimerTaskHandle
                0x0000000020001ce8        0x4 ./Middlewares/FreeRTOS/timers.o
 .bss.xLastTime.2
                0x0000000020001cec        0x4 ./Middlewares/FreeRTOS/timers.o
 .bss.ucStaticTimerQueueStorage.1
                0x0000000020001cf0       0xa0 ./Middlewares/FreeRTOS/timers.o
 .bss.xStaticTimerQueue.0
                0x0000000020001d90       0x50 ./Middlewares/FreeRTOS/timers.o
 *(COMMON)
                0x0000000020001de0                . = ALIGN (0x8)
                0x0000000020001de0                _ebss = .
                0x0000000020001de0                __bss_end__ = _ebss
                0x0000000020001de0                . = ALIGN (0x8)

RAM1_region     0x0000000020001de0        0x0 load address 0x00000000080052f8
                0x0000000020001de0                _sRAM1_region = .
 *(.RAM1_region)
                0x0000000020001de0                . = ALIGN (0x8)
                0x0000000020001de0                _eRAM1_region = .
                0x0000000020001de0                . = ALIGN (0x8)

RAM2_region     0x0000000020008000        0x0
                0x0000000020008000                _sRAM2_region = .
 *(.RAM2_region)
                0x0000000020008000                . = ALIGN (0x8)
                0x0000000020008000                _eRAM2_region = .

._user_heap_stack
                0x0000000020001de0      0xc00
                0x0000000020001de0                . = ALIGN (0x8)
                [!provide]                        PROVIDE (end = .)
                0x0000000020001de0                PROVIDE (_end = .)
                0x00000000200021e0                . = (. + _Min_Heap_Size)
 *fill*         0x0000000020001de0      0x400 
                0x00000000200029e0                . = (. + _Min_Stack_Size)
 *fill*         0x00000000200021e0      0x800 
                0x00000000200029e0                . = ALIGN (0x8)

/DISCARD/
 libc.a(*)
 libm.a(*)
 libgcc.a(*)

.ARM.attributes
                0x0000000000000000       0x2a
 *(.ARM.attributes)
 .ARM.attributes
                0x0000000000000000       0x1e c:/st/stm32cubeide_1.9.0/stm32cubeide/plugins/com.st.stm32cube.ide.mcu.externaltools.gnu-tools-for-stm32.10.3-2021.10.win32_1.0.0.202111181127/tools/bin/../lib/gcc/arm-none-eabi/10.3.1/thumb/v7e-m/nofp/crti.o
 .ARM.attributes
                0x000000000000001e       0x2e c:/st/stm32cubeide_1.9.0/stm32cubeide/plugins/com.st.stm32cube.ide.mcu.externaltools.gnu-tools-for-stm32.10.3-2021.10.win32_1.0.0.202111181127/tools/bin/../lib/gcc/arm-none-eabi/10.3.1/thumb/v7e-m/nofp/crtbegin.o
 .ARM.attributes
                0x000000000000004c       0x21 ./Application/Startup/startup_stm32wl55jcix.o
 .ARM.attributes
                0x000000000000006d       0x2e ./Application/User/main.o
 .ARM.attributes
                0x000000000000009b       0x2e ./Application/User/stm32wlxx_hal_msp.o
 .ARM.attributes
                0x00000000000000c9       0x2e ./Application/User/stm32wlxx_hal_timebase_tim.o
 .ARM.attributes
                0x00000000000000f7       0x2e ./Application/User/stm32wlxx_it.o
 .ARM.attributes
                0x0000000000000125       0x2e ./Drivers/BSP/STM32WLxx_Nucleo/stm32wlxx_nucleo.o
 .ARM.attributes
                0x0000000000000153       0x2e ./Drivers/CMSIS/system_stm32wlxx.o
 .ARM.attributes
                0x0000000000000181       0x2e ./Drivers/STM32WLxx_HAL_Driver/stm32wlxx_hal.o
 .ARM.attributes
                0x00000000000001af       0x2e ./Drivers/STM32WLxx_HAL_Driver/stm32wlxx_hal_cortex.o
 .ARM.attributes
                0x00000000000001dd       0x2e ./Drivers/STM32WLxx_HAL_Driver/stm32wlxx_hal_gpio.o
 .ARM.attributes
                0x000000000000020b       0x2e ./Drivers/STM32WLxx_HAL_Driver/stm32wlxx_hal_pwr.o
 .ARM.attributes
                0x0000000000000239       0x2e ./Drivers/STM32WLxx_HAL_Driver/stm32wlxx_hal_pwr_ex.o
 .ARM.attributes
                0x0000000000000267       0x2e ./Drivers/STM32WLxx_HAL_Driver/stm32wlxx_hal_rcc.o
 .ARM.attributes
                0x0000000000000295       0x2e ./Drivers/STM32WLxx_HAL_Driver/stm32wlxx_hal_tim.o
 .ARM.attributes
                0x00000000000002c3       0x2e ./Drivers/STM32WLxx_HAL_Driver/stm32wlxx_hal_tim_ex.o
 .ARM.attributes
                0x00000000000002f1       0x2e ./Middlewares/FreeRTOS/cmsis_os2.o
 .ARM.attributes
                0x000000000000031f       0x2e ./Middlewares/FreeRTOS/heap_4.o
 .ARM.attributes
                0x000000000000034d       0x2e ./Middlewares/FreeRTOS/list.o
 .ARM.attributes
                0x000000000000037b       0x2e ./Middlewares/FreeRTOS/port.o
 .ARM.attributes
                0x00000000000003a9       0x2e ./Middlewares/FreeRTOS/queue.o
 .ARM.attributes
                0x00000000000003d7       0x2e ./Middlewares/FreeRTOS/tasks.o
 .ARM.attributes
                0x0000000000000405       0x2e ./Middlewares/FreeRTOS/timers.o
 .ARM.attributes
                0x0000000000000433       0x2e c:/st/stm32cubeide_1.9.0/stm32cubeide/plugins/com.st.stm32cube.ide.mcu.externaltools.gnu-tools-for-stm32.10.3-2021.10.win32_1.0.0.202111181127/tools/bin/../lib/gcc/arm-none-eabi/10.3.1/../../../../arm-none-eabi/lib/thumb/v7e-m/nofp\libc_nano.a(lib_a-init.o)
 .ARM.attributes
                0x0000000000000461       0x2e c:/st/stm32cubeide_1.9.0/stm32cubeide/plugins/com.st.stm32cube.ide.mcu.externaltools.gnu-tools-for-stm32.10.3-2021.10.win32_1.0.0.202111181127/tools/bin/../lib/gcc/arm-none-eabi/10.3.1/../../../../arm-none-eabi/lib/thumb/v7e-m/nofp\libc_nano.a(lib_a-memcpy-stub.o)
 .ARM.attributes
                0x000000000000048f       0x2e c:/st/stm32cubeide_1.9.0/stm32cubeide/plugins/com.st.stm32cube.ide.mcu.externaltools.gnu-tools-for-stm32.10.3-2021.10.win32_1.0.0.202111181127/tools/bin/../lib/gcc/arm-none-eabi/10.3.1/../../../../arm-none-eabi/lib/thumb/v7e-m/nofp\libc_nano.a(lib_a-memset.o)
 .ARM.attributes
                0x00000000000004bd       0x1e c:/st/stm32cubeide_1.9.0/stm32cubeide/plugins/com.st.stm32cube.ide.mcu.externaltools.gnu-tools-for-stm32.10.3-2021.10.win32_1.0.0.202111181127/tools/bin/../lib/gcc/arm-none-eabi/10.3.1/thumb/v7e-m/nofp/crtn.o
OUTPUT(FreeRTOS_ThreadCreation.elf elf32-littlearm)
LOAD linker stubs
LOAD c:/st/stm32cubeide_1.9.0/stm32cubeide/plugins/com.st.stm32cube.ide.mcu.externaltools.gnu-tools-for-stm32.10.3-2021.10.win32_1.0.0.202111181127/tools/bin/../lib/gcc/arm-none-eabi/10.3.1/../../../../arm-none-eabi/lib/thumb/v7e-m/nofp\libc.a
LOAD c:/st/stm32cubeide_1.9.0/stm32cubeide/plugins/com.st.stm32cube.ide.mcu.externaltools.gnu-tools-for-stm32.10.3-2021.10.win32_1.0.0.202111181127/tools/bin/../lib/gcc/arm-none-eabi/10.3.1/../../../../arm-none-eabi/lib/thumb/v7e-m/nofp\libm.a
LOAD c:/st/stm32cubeide_1.9.0/stm32cubeide/plugins/com.st.stm32cube.ide.mcu.externaltools.gnu-tools-for-stm32.10.3-2021.10.win32_1.0.0.202111181127/tools/bin/../lib/gcc/arm-none-eabi/10.3.1/thumb/v7e-m/nofp\libgcc.a

.debug_line     0x0000000000000000    0x16990
 .debug_line    0x0000000000000000       0x90 ./Application/Startup/startup_stm32wl55jcix.o
 .debug_line    0x0000000000000090      0xb13 ./Application/User/main.o
 .debug_line    0x0000000000000ba3      0x877 ./Application/User/stm32wlxx_hal_msp.o
 .debug_line    0x000000000000141a      0x889 ./Application/User/stm32wlxx_hal_timebase_tim.o
 .debug_line    0x0000000000001ca3      0x90e ./Application/User/stm32wlxx_it.o
 .debug_line    0x00000000000025b1      0xa1b ./Drivers/BSP/STM32WLxx_Nucleo/stm32wlxx_nucleo.o
 .debug_line    0x0000000000002fcc      0x88c ./Drivers/CMSIS/system_stm32wlxx.o
 .debug_line    0x0000000000003858      0xf65 ./Drivers/STM32WLxx_HAL_Driver/stm32wlxx_hal.o
 .debug_line    0x00000000000047bd      0xd4c ./Drivers/STM32WLxx_HAL_Driver/stm32wlxx_hal_cortex.o
 .debug_line    0x0000000000005509      0xbc1 ./Drivers/STM32WLxx_HAL_Driver/stm32wlxx_hal_gpio.o
 .debug_line    0x00000000000060ca      0xa45 ./Drivers/STM32WLxx_HAL_Driver/stm32wlxx_hal_pwr.o
 .debug_line    0x0000000000006b0f      0xf23 ./Drivers/STM32WLxx_HAL_Driver/stm32wlxx_hal_pwr_ex.o
 .debug_line    0x0000000000007a32     0x1856 ./Drivers/STM32WLxx_HAL_Driver/stm32wlxx_hal_rcc.o
 .debug_line    0x0000000000009288     0x3b6d ./Drivers/STM32WLxx_HAL_Driver/stm32wlxx_hal_tim.o
 .debug_line    0x000000000000cdf5     0x1c98 ./Drivers/STM32WLxx_HAL_Driver/stm32wlxx_hal_tim_ex.o
 .debug_line    0x000000000000ea8d     0x24f4 ./Middlewares/FreeRTOS/cmsis_os2.o
 .debug_line    0x0000000000010f81      0x92e ./Middlewares/FreeRTOS/heap_4.o
 .debug_line    0x00000000000118af      0x76c ./Middlewares/FreeRTOS/list.o
 .debug_line    0x000000000001201b      0x7fb ./Middlewares/FreeRTOS/port.o
 .debug_line    0x0000000000012816     0x1737 ./Middlewares/FreeRTOS/queue.o
 .debug_line    0x0000000000013f4d     0x1cbb ./Middlewares/FreeRTOS/tasks.o
 .debug_line    0x0000000000015c08      0xd88 ./Middlewares/FreeRTOS/timers.o

.debug_info     0x0000000000000000    0x17519
 .debug_info    0x0000000000000000       0x22 ./Application/Startup/startup_stm32wl55jcix.o
 .debug_info    0x0000000000000022     0x10b5 ./Application/User/main.o
 .debug_info    0x00000000000010d7      0x2c7 ./Application/User/stm32wlxx_hal_msp.o
 .debug_info    0x000000000000139e      0xf40 ./Application/User/stm32wlxx_hal_timebase_tim.o
 .debug_info    0x00000000000022de      0x883 ./Application/User/stm32wlxx_it.o
 .debug_info    0x0000000000002b61      0xd8e ./Drivers/BSP/STM32WLxx_Nucleo/stm32wlxx_nucleo.o
 .debug_info    0x00000000000038ef      0x566 ./Drivers/CMSIS/system_stm32wlxx.o
 .debug_info    0x0000000000003e55     0x1209 ./Drivers/STM32WLxx_HAL_Driver/stm32wlxx_hal.o
 .debug_info    0x000000000000505e      0xdc3 ./Drivers/STM32WLxx_HAL_Driver/stm32wlxx_hal_cortex.o
 .debug_info    0x0000000000005e21      0x79c ./Drivers/STM32WLxx_HAL_Driver/stm32wlxx_hal_gpio.o
 .debug_info    0x00000000000065bd      0x912 ./Drivers/STM32WLxx_HAL_Driver/stm32wlxx_hal_pwr.o
 .debug_info    0x0000000000006ecf      0xe53 ./Drivers/STM32WLxx_HAL_Driver/stm32wlxx_hal_pwr_ex.o
 .debug_info    0x0000000000007d22     0x14c4 ./Drivers/STM32WLxx_HAL_Driver/stm32wlxx_hal_rcc.o
 .debug_info    0x00000000000091e6     0x2e2e ./Drivers/STM32WLxx_HAL_Driver/stm32wlxx_hal_tim.o
 .debug_info    0x000000000000c014     0x19f8 ./Drivers/STM32WLxx_HAL_Driver/stm32wlxx_hal_tim_ex.o
 .debug_info    0x000000000000da0c     0x3bee ./Middlewares/FreeRTOS/cmsis_os2.o
 .debug_info    0x00000000000115fa      0x3e8 ./Middlewares/FreeRTOS/heap_4.o
 .debug_info    0x00000000000119e2      0x2d1 ./Middlewares/FreeRTOS/list.o
 .debug_info    0x0000000000011cb3      0x4b7 ./Middlewares/FreeRTOS/port.o
 .debug_info    0x000000000001216a     0x1cad ./Middlewares/FreeRTOS/queue.o
 .debug_info    0x0000000000013e17     0x21f6 ./Middlewares/FreeRTOS/tasks.o
 .debug_info    0x000000000001600d     0x150c ./Middlewares/FreeRTOS/timers.o

.debug_abbrev   0x0000000000000000     0x335e
 .debug_abbrev  0x0000000000000000       0x12 ./Application/Startup/startup_stm32wl55jcix.o
 .debug_abbrev  0x0000000000000012      0x23b ./Application/User/main.o
 .debug_abbrev  0x000000000000024d       0xc1 ./Application/User/stm32wlxx_hal_msp.o
 .debug_abbrev  0x000000000000030e      0x240 ./Application/User/stm32wlxx_hal_timebase_tim.o
 .debug_abbrev  0x000000000000054e      0x189 ./Application/User/stm32wlxx_it.o
 .debug_abbrev  0x00000000000006d7      0x282 ./Drivers/BSP/STM32WLxx_Nucleo/stm32wlxx_nucleo.o
 .debug_abbrev  0x0000000000000959      0x138 ./Drivers/CMSIS/system_stm32wlxx.o
 .debug_abbrev  0x0000000000000a91      0x334 ./Drivers/STM32WLxx_HAL_Driver/stm32wlxx_hal.o
 .debug_abbrev  0x0000000000000dc5      0x2d5 ./Drivers/STM32WLxx_HAL_Driver/stm32wlxx_hal_cortex.o
 .debug_abbrev  0x000000000000109a      0x1d9 ./Drivers/STM32WLxx_HAL_Driver/stm32wlxx_hal_gpio.o
 .debug_abbrev  0x0000000000001273      0x203 ./Drivers/STM32WLxx_HAL_Driver/stm32wlxx_hal_pwr.o
 .debug_abbrev  0x0000000000001476      0x2fa ./Drivers/STM32WLxx_HAL_Driver/stm32wlxx_hal_pwr_ex.o
 .debug_abbrev  0x0000000000001770      0x308 ./Drivers/STM32WLxx_HAL_Driver/stm32wlxx_hal_rcc.o
 .debug_abbrev  0x0000000000001a78      0x275 ./Drivers/STM32WLxx_HAL_Driver/stm32wlxx_hal_tim.o
 .debug_abbrev  0x0000000000001ced      0x281 ./Drivers/STM32WLxx_HAL_Driver/stm32wlxx_hal_tim_ex.o
 .debug_abbrev  0x0000000000001f6e      0x444 ./Middlewares/FreeRTOS/cmsis_os2.o
 .debug_abbrev  0x00000000000023b2      0x1ff ./Middlewares/FreeRTOS/heap_4.o
 .debug_abbrev  0x00000000000025b1       0xf2 ./Middlewares/FreeRTOS/list.o
 .debug_abbrev  0x00000000000026a3      0x257 ./Middlewares/FreeRTOS/port.o
 .debug_abbrev  0x00000000000028fa      0x3a1 ./Middlewares/FreeRTOS/queue.o
 .debug_abbrev  0x0000000000002c9b      0x37d ./Middlewares/FreeRTOS/tasks.o
 .debug_abbrev  0x0000000000003018      0x346 ./Middlewares/FreeRTOS/timers.o

.debug_aranges  0x0000000000000000     0x1778
 .debug_aranges
                0x0000000000000000       0x28 ./Application/Startup/startup_stm32wl55jcix.o
 .debug_aranges
                0x0000000000000028       0x48 ./Application/User/main.o
 .debug_aranges
                0x0000000000000070       0x20 ./Application/User/stm32wlxx_hal_msp.o
 .debug_aranges
                0x0000000000000090       0x38 ./Application/User/stm32wlxx_hal_timebase_tim.o
 .debug_aranges
                0x00000000000000c8       0x50 ./Application/User/stm32wlxx_it.o
 .debug_aranges
                0x0000000000000118       0x98 ./Drivers/BSP/STM32WLxx_Nucleo/stm32wlxx_nucleo.o
 .debug_aranges
                0x00000000000001b0       0x28 ./Drivers/CMSIS/system_stm32wlxx.o
 .debug_aranges
                0x00000000000001d8      0x240 ./Drivers/STM32WLxx_HAL_Driver/stm32wlxx_hal.o
 .debug_aranges
                0x0000000000000418      0x118 ./Drivers/STM32WLxx_HAL_Driver/stm32wlxx_hal_cortex.o
 .debug_aranges
                0x0000000000000530       0x60 ./Drivers/STM32WLxx_HAL_Driver/stm32wlxx_hal_gpio.o
 .debug_aranges
                0x0000000000000590       0xc8 ./Drivers/STM32WLxx_HAL_Driver/stm32wlxx_hal_pwr.o
 .debug_aranges
                0x0000000000000658      0x200 ./Drivers/STM32WLxx_HAL_Driver/stm32wlxx_hal_pwr_ex.o
 .debug_aranges
                0x0000000000000858      0x250 ./Drivers/STM32WLxx_HAL_Driver/stm32wlxx_hal_rcc.o
 .debug_aranges
                0x0000000000000aa8      0x3e0 ./Drivers/STM32WLxx_HAL_Driver/stm32wlxx_hal_tim.o
 .debug_aranges
                0x0000000000000e88      0x190 ./Drivers/STM32WLxx_HAL_Driver/stm32wlxx_hal_tim_ex.o
 .debug_aranges
                0x0000000000001018      0x228 ./Middlewares/FreeRTOS/cmsis_os2.o
 .debug_aranges
                0x0000000000001240       0x50 ./Middlewares/FreeRTOS/heap_4.o
 .debug_aranges
                0x0000000000001290       0x40 ./Middlewares/FreeRTOS/list.o
 .debug_aranges
                0x00000000000012d0       0x78 ./Middlewares/FreeRTOS/port.o
 .debug_aranges
                0x0000000000001348      0x158 ./Middlewares/FreeRTOS/queue.o
 .debug_aranges
                0x00000000000014a0      0x1f0 ./Middlewares/FreeRTOS/tasks.o
 .debug_aranges
                0x0000000000001690       0xe8 ./Middlewares/FreeRTOS/timers.o

.debug_str      0x0000000000000000    0xbe306
 .debug_str     0x0000000000000000       0xeb ./Application/Startup/startup_stm32wl55jcix.o
 .debug_str     0x00000000000000eb    0xb0fa7 ./Application/User/main.o
                                      0xb16b3 (size before relaxing)
 .debug_str     0x00000000000b1092      0x4ab ./Application/User/stm32wlxx_hal_msp.o
                                      0xac6f5 (size before relaxing)
 .debug_str     0x00000000000b153d      0x32b ./Application/User/stm32wlxx_hal_timebase_tim.o
                                      0xac5c8 (size before relaxing)
 .debug_str     0x00000000000b1868      0x149 ./Application/User/stm32wlxx_it.o
                                      0xac966 (size before relaxing)
 .debug_str     0x00000000000b19b1      0x40f ./Drivers/BSP/STM32WLxx_Nucleo/stm32wlxx_nucleo.o
                                      0xacd29 (size before relaxing)
 .debug_str     0x00000000000b1dc0      0x131 ./Drivers/CMSIS/system_stm32wlxx.o
                                      0xaba6e (size before relaxing)
 .debug_str     0x00000000000b1ef1      0x8f3 ./Drivers/STM32WLxx_HAL_Driver/stm32wlxx_hal.o
                                      0xac816 (size before relaxing)
 .debug_str     0x00000000000b27e4      0x3b1 ./Drivers/STM32WLxx_HAL_Driver/stm32wlxx_hal_cortex.o
                                      0xac114 (size before relaxing)
 .debug_str     0x00000000000b2b95      0x17b ./Drivers/STM32WLxx_HAL_Driver/stm32wlxx_hal_gpio.o
                                      0xaba87 (size before relaxing)
 .debug_str     0x00000000000b2d10      0x599 ./Drivers/STM32WLxx_HAL_Driver/stm32wlxx_hal_pwr.o
                                      0xabe86 (size before relaxing)
 .debug_str     0x00000000000b32a9      0x708 ./Drivers/STM32WLxx_HAL_Driver/stm32wlxx_hal_pwr_ex.o
                                      0xac1e6 (size before relaxing)
 .debug_str     0x00000000000b39b1      0xb02 ./Drivers/STM32WLxx_HAL_Driver/stm32wlxx_hal_rcc.o
                                      0xac82c (size before relaxing)
 .debug_str     0x00000000000b44b3      0xf4b ./Drivers/STM32WLxx_HAL_Driver/stm32wlxx_hal_tim.o
                                      0xacdf7 (size before relaxing)
 .debug_str     0x00000000000b53fe      0x816 ./Drivers/STM32WLxx_HAL_Driver/stm32wlxx_hal_tim_ex.o
                                      0xac88c (size before relaxing)
 .debug_str     0x00000000000b5c14     0x5bc6 ./Middlewares/FreeRTOS/cmsis_os2.o
                                       0xe5e4 (size before relaxing)
 .debug_str     0x00000000000bb7da      0x3de ./Middlewares/FreeRTOS/heap_4.o
                                       0xaae8 (size before relaxing)
 .debug_str     0x00000000000bbbb8      0x181 ./Middlewares/FreeRTOS/list.o
                                       0xa2cb (size before relaxing)
 .debug_str     0x00000000000bbd39      0x781 ./Middlewares/FreeRTOS/port.o
                                       0x8138 (size before relaxing)
 .debug_str     0x00000000000bc4ba      0x86a ./Middlewares/FreeRTOS/queue.o
                                       0xbdf1 (size before relaxing)
 .debug_str     0x00000000000bcd24      0xffe ./Middlewares/FreeRTOS/tasks.o
                                       0xc870 (size before relaxing)
 .debug_str     0x00000000000bdd22      0x5e4 ./Middlewares/FreeRTOS/timers.o
                                       0xc31f (size before relaxing)

.debug_ranges   0x0000000000000000     0x1620
 .debug_ranges  0x0000000000000000       0x20 ./Application/Startup/startup_stm32wl55jcix.o
 .debug_ranges  0x0000000000000020       0x38 ./Application/User/main.o
 .debug_ranges  0x0000000000000058       0x10 ./Application/User/stm32wlxx_hal_msp.o
 .debug_ranges  0x0000000000000068       0x28 ./Application/User/stm32wlxx_hal_timebase_tim.o
 .debug_ranges  0x0000000000000090       0x40 ./Application/User/stm32wlxx_it.o
 .debug_ranges  0x00000000000000d0       0x88 ./Drivers/BSP/STM32WLxx_Nucleo/stm32wlxx_nucleo.o
 .debug_ranges  0x0000000000000158       0x18 ./Drivers/CMSIS/system_stm32wlxx.o
 .debug_ranges  0x0000000000000170      0x230 ./Drivers/STM32WLxx_HAL_Driver/stm32wlxx_hal.o
 .debug_ranges  0x00000000000003a0      0x108 ./Drivers/STM32WLxx_HAL_Driver/stm32wlxx_hal_cortex.o
 .debug_ranges  0x00000000000004a8       0x50 ./Drivers/STM32WLxx_HAL_Driver/stm32wlxx_hal_gpio.o
 .debug_ranges  0x00000000000004f8       0xb8 ./Drivers/STM32WLxx_HAL_Driver/stm32wlxx_hal_pwr.o
 .debug_ranges  0x00000000000005b0      0x1f0 ./Drivers/STM32WLxx_HAL_Driver/stm32wlxx_hal_pwr_ex.o
 .debug_ranges  0x00000000000007a0      0x240 ./Drivers/STM32WLxx_HAL_Driver/stm32wlxx_hal_rcc.o
 .debug_ranges  0x00000000000009e0      0x3d0 ./Drivers/STM32WLxx_HAL_Driver/stm32wlxx_hal_tim.o
 .debug_ranges  0x0000000000000db0      0x180 ./Drivers/STM32WLxx_HAL_Driver/stm32wlxx_hal_tim_ex.o
 .debug_ranges  0x0000000000000f30      0x218 ./Middlewares/FreeRTOS/cmsis_os2.o
 .debug_ranges  0x0000000000001148       0x40 ./Middlewares/FreeRTOS/heap_4.o
 .debug_ranges  0x0000000000001188       0x30 ./Middlewares/FreeRTOS/list.o
 .debug_ranges  0x00000000000011b8       0x68 ./Middlewares/FreeRTOS/port.o
 .debug_ranges  0x0000000000001220      0x148 ./Middlewares/FreeRTOS/queue.o
 .debug_ranges  0x0000000000001368      0x1e0 ./Middlewares/FreeRTOS/tasks.o
 .debug_ranges  0x0000000000001548       0xd8 ./Middlewares/FreeRTOS/timers.o

.debug_macro    0x0000000000000000     0x333d
 .debug_macro   0x0000000000000000      0x2c0 ./Application/User/main.o
 .debug_macro   0x00000000000002c0      0x143 ./Application/User/main.o
 .debug_macro   0x0000000000000403       0x66 ./Application/User/main.o
 .debug_macro   0x0000000000000469       0x74 ./Application/User/main.o
 .debug_macro   0x00000000000004dd       0xdd ./Application/User/main.o
 .debug_macro   0x00000000000005ba      0x230 ./Application/User/stm32wlxx_hal_msp.o
 .debug_macro   0x00000000000007ea      0x205 ./Application/User/stm32wlxx_hal_timebase_tim.o
 .debug_macro   0x00000000000009ef      0x23a ./Application/User/stm32wlxx_it.o
 .debug_macro   0x0000000000000c29      0x22c ./Drivers/BSP/STM32WLxx_Nucleo/stm32wlxx_nucleo.o
 .debug_macro   0x0000000000000e55       0x28 ./Drivers/BSP/STM32WLxx_Nucleo/stm32wlxx_nucleo.o
 .debug_macro   0x0000000000000e7d      0x205 ./Drivers/CMSIS/system_stm32wlxx.o
 .debug_macro   0x0000000000001082      0x229 ./Drivers/STM32WLxx_HAL_Driver/stm32wlxx_hal.o
 .debug_macro   0x00000000000012ab      0x205 ./Drivers/STM32WLxx_HAL_Driver/stm32wlxx_hal_cortex.o
 .debug_macro   0x00000000000014b0      0x20b ./Drivers/STM32WLxx_HAL_Driver/stm32wlxx_hal_gpio.o
 .debug_macro   0x00000000000016bb      0x25f ./Drivers/STM32WLxx_HAL_Driver/stm32wlxx_hal_pwr.o
 .debug_macro   0x000000000000191a      0x217 ./Drivers/STM32WLxx_HAL_Driver/stm32wlxx_hal_pwr_ex.o
 .debug_macro   0x0000000000001b31      0x265 ./Drivers/STM32WLxx_HAL_Driver/stm32wlxx_hal_rcc.o
 .debug_macro   0x0000000000001d96      0x206 ./Drivers/STM32WLxx_HAL_Driver/stm32wlxx_hal_tim.o
 .debug_macro   0x0000000000001f9c      0x211 ./Drivers/STM32WLxx_HAL_Driver/stm32wlxx_hal_tim_ex.o
 .debug_macro   0x00000000000021ad      0x247 ./Middlewares/FreeRTOS/cmsis_os2.o
 .debug_macro   0x00000000000023f4       0x10 ./Middlewares/FreeRTOS/cmsis_os2.o
 .debug_macro   0x0000000000002404       0x20 ./Middlewares/FreeRTOS/cmsis_os2.o
 .debug_macro   0x0000000000002424       0x10 ./Middlewares/FreeRTOS/cmsis_os2.o
 .debug_macro   0x0000000000002434       0xf5 ./Middlewares/FreeRTOS/cmsis_os2.o
 .debug_macro   0x0000000000002529       0x91 ./Middlewares/FreeRTOS/cmsis_os2.o
 .debug_macro   0x00000000000025ba       0x8d ./Middlewares/FreeRTOS/cmsis_os2.o
 .debug_macro   0x0000000000002647       0x9a ./Middlewares/FreeRTOS/cmsis_os2.o
 .debug_macro   0x00000000000026e1      0x1ae ./Middlewares/FreeRTOS/heap_4.o
 .debug_macro   0x000000000000288f      0x187 ./Middlewares/FreeRTOS/list.o
 .debug_macro   0x0000000000002a16      0x172 ./Middlewares/FreeRTOS/port.o
 .debug_macro   0x0000000000002b88      0x216 ./Middlewares/FreeRTOS/queue.o
 .debug_macro   0x0000000000002d9e       0x16 ./Middlewares/FreeRTOS/queue.o
 .debug_macro   0x0000000000002db4       0x87 ./Middlewares/FreeRTOS/queue.o
 .debug_macro   0x0000000000002e3b      0x27f ./Middlewares/FreeRTOS/tasks.o
 .debug_macro   0x00000000000030ba       0x10 ./Middlewares/FreeRTOS/tasks.o
 .debug_macro   0x00000000000030ca      0x1dc ./Middlewares/FreeRTOS/timers.o
 .debug_macro   0x00000000000032a6       0x97 ./Middlewares/FreeRTOS/timers.o

.comment        0x0000000000000000       0x50
 .comment       0x0000000000000000       0x50 ./Application/User/main.o
                                         0x51 (size before relaxing)
 .comment       0x0000000000000050       0x51 ./Application/User/stm32wlxx_hal_msp.o
 .comment       0x0000000000000050       0x51 ./Application/User/stm32wlxx_hal_timebase_tim.o
 .comment       0x0000000000000050       0x51 ./Application/User/stm32wlxx_it.o
 .comment       0x0000000000000050       0x51 ./Drivers/BSP/STM32WLxx_Nucleo/stm32wlxx_nucleo.o
 .comment       0x0000000000000050       0x51 ./Drivers/CMSIS/system_stm32wlxx.o
 .comment       0x0000000000000050       0x51 ./Drivers/STM32WLxx_HAL_Driver/stm32wlxx_hal.o
 .comment       0x0000000000000050       0x51 ./Drivers/STM32WLxx_HAL_Driver/stm32wlxx_hal_cortex.o
 .comment       0x0000000000000050       0x51 ./Drivers/STM32WLxx_HAL_Driver/stm32wlxx_hal_gpio.o
 .comment       0x0000000000000050       0x51 ./Drivers/STM32WLxx_HAL_Driver/stm32wlxx_hal_pwr.o
 .comment       0x0000000000000050       0x51 ./Drivers/STM32WLxx_HAL_Driver/stm32wlxx_hal_pwr_ex.o
 .comment       0x0000000000000050       0x51 ./Drivers/STM32WLxx_HAL_Driver/stm32wlxx_hal_rcc.o
 .comment       0x0000000000000050       0x51 ./Drivers/STM32WLxx_HAL_Driver/stm32wlxx_hal_tim.o
 .comment       0x0000000000000050       0x51 ./Drivers/STM32WLxx_HAL_Driver/stm32wlxx_hal_tim_ex.o
 .comment       0x0000000000000050       0x51 ./Middlewares/FreeRTOS/cmsis_os2.o
 .comment       0x0000000000000050       0x51 ./Middlewares/FreeRTOS/heap_4.o
 .comment       0x0000000000000050       0x51 ./Middlewares/FreeRTOS/list.o
 .comment       0x0000000000000050       0x51 ./Middlewares/FreeRTOS/port.o
 .comment       0x0000000000000050       0x51 ./Middlewares/FreeRTOS/queue.o
 .comment       0x0000000000000050       0x51 ./Middlewares/FreeRTOS/tasks.o
 .comment       0x0000000000000050       0x51 ./Middlewares/FreeRTOS/timers.o

.debug_frame    0x0000000000000000     0x623c
 .debug_frame   0x0000000000000000       0xd4 ./Application/User/main.o
 .debug_frame   0x00000000000000d4       0x2c ./Application/User/stm32wlxx_hal_msp.o
 .debug_frame   0x0000000000000100       0x9c ./Application/User/stm32wlxx_hal_timebase_tim.o
 .debug_frame   0x000000000000019c       0xcc ./Application/User/stm32wlxx_it.o
 .debug_frame   0x0000000000000268      0x23c ./Drivers/BSP/STM32WLxx_Nucleo/stm32wlxx_nucleo.o
 .debug_frame   0x00000000000004a4       0x58 ./Drivers/CMSIS/system_stm32wlxx.o
 .debug_frame   0x00000000000004fc      0x948 ./Drivers/STM32WLxx_HAL_Driver/stm32wlxx_hal.o
 .debug_frame   0x0000000000000e44      0x498 ./Drivers/STM32WLxx_HAL_Driver/stm32wlxx_hal_cortex.o
 .debug_frame   0x00000000000012dc      0x174 ./Drivers/STM32WLxx_HAL_Driver/stm32wlxx_hal_gpio.o
 .debug_frame   0x0000000000001450      0x31c ./Drivers/STM32WLxx_HAL_Driver/stm32wlxx_hal_pwr.o
 .debug_frame   0x000000000000176c      0x894 ./Drivers/STM32WLxx_HAL_Driver/stm32wlxx_hal_pwr_ex.o
 .debug_frame   0x0000000000002000      0x974 ./Drivers/STM32WLxx_HAL_Driver/stm32wlxx_hal_rcc.o
 .debug_frame   0x0000000000002974     0x121c ./Drivers/STM32WLxx_HAL_Driver/stm32wlxx_hal_tim.o
 .debug_frame   0x0000000000003b90      0x6fc ./Drivers/STM32WLxx_HAL_Driver/stm32wlxx_hal_tim_ex.o
 .debug_frame   0x000000000000428c      0x978 ./Middlewares/FreeRTOS/cmsis_os2.o
 .debug_frame   0x0000000000004c04      0x108 ./Middlewares/FreeRTOS/heap_4.o
 .debug_frame   0x0000000000004d0c       0xd8 ./Middlewares/FreeRTOS/list.o
 .debug_frame   0x0000000000004de4      0x198 ./Middlewares/FreeRTOS/port.o
 .debug_frame   0x0000000000004f7c      0x5ec ./Middlewares/FreeRTOS/queue.o
 .debug_frame   0x0000000000005568      0x884 ./Middlewares/FreeRTOS/tasks.o
 .debug_frame   0x0000000000005dec      0x3dc ./Middlewares/FreeRTOS/timers.o
 .debug_frame   0x00000000000061c8       0x2c c:/st/stm32cubeide_1.9.0/stm32cubeide/plugins/com.st.stm32cube.ide.mcu.externaltools.gnu-tools-for-stm32.10.3-2021.10.win32_1.0.0.202111181127/tools/bin/../lib/gcc/arm-none-eabi/10.3.1/../../../../arm-none-eabi/lib/thumb/v7e-m/nofp\libc_nano.a(lib_a-init.o)
 .debug_frame   0x00000000000061f4       0x28 c:/st/stm32cubeide_1.9.0/stm32cubeide/plugins/com.st.stm32cube.ide.mcu.externaltools.gnu-tools-for-stm32.10.3-2021.10.win32_1.0.0.202111181127/tools/bin/../lib/gcc/arm-none-eabi/10.3.1/../../../../arm-none-eabi/lib/thumb/v7e-m/nofp\libc_nano.a(lib_a-memcpy-stub.o)
 .debug_frame   0x000000000000621c       0x20 c:/st/stm32cubeide_1.9.0/stm32cubeide/plugins/com.st.stm32cube.ide.mcu.externaltools.gnu-tools-for-stm32.10.3-2021.10.win32_1.0.0.202111181127/tools/bin/../lib/gcc/arm-none-eabi/10.3.1/../../../../arm-none-eabi/lib/thumb/v7e-m/nofp\libc_nano.a(lib_a-memset.o)
