../../../../../../../Drivers/STM32WLxx_HAL_Driver/Inc/stm32wlxx_ll_bus.h:449:22:LL_AHB2_GRP1_EnableClock	24	static
C:/Users/Jesus/Documents/STM32Cube_FW_WL_V1.2.0_CARGADOR_COCHE/STM32Cube_FW_WL_V1.2.0/Projects/NUCLEO-WL55JC/Examples/TIM/TIM_PWMOutput/Src/main.c:68:5:main	8	static
C:/Users/Jesus/Documents/STM32Cube_FW_WL_V1.2.0_CARGADOR_COCHE/STM32Cube_FW_WL_V1.2.0/Projects/NUCLEO-WL55JC/Examples/TIM/TIM_PWMOutput/Src/main.c:152:6:SystemClock_Config	112	static
C:/Users/Jesus/Documents/STM32Cube_FW_WL_V1.2.0_CARGADOR_COCHE/STM32Cube_FW_WL_V1.2.0/Projects/NUCLEO-WL55JC/Examples/TIM/TIM_PWMOutput/Src/main.c:193:13:MX_TIM1_Init	104	static
C:/Users/Jesus/Documents/STM32Cube_FW_WL_V1.2.0_CARGADOR_COCHE/STM32Cube_FW_WL_V1.2.0/Projects/NUCLEO-WL55JC/Examples/TIM/TIM_PWMOutput/Src/main.c:280:13:MX_GPIO_Init	8	static
C:/Users/Jesus/Documents/STM32Cube_FW_WL_V1.2.0_CARGADOR_COCHE/STM32Cube_FW_WL_V1.2.0/Projects/NUCLEO-WL55JC/Examples/TIM/TIM_PWMOutput/Src/main.c:296:6:Error_Handler	8	static
