C:/Users/Jesus/Documents/STM32Cube_FW_WL_V1.2.0_CARGADOR_COCHE/STM32Cube_FW_WL_V1.2.0/Projects/NUCLEO-WL55JC/Examples/TIM/TIM_PWMOutput/Src/stm32wlxx_it.c:72:6:NMI_Handler	4	static
C:/Users/Jesus/Documents/STM32Cube_FW_WL_V1.2.0_CARGADOR_COCHE/STM32Cube_FW_WL_V1.2.0/Projects/NUCLEO-WL55JC/Examples/TIM/TIM_PWMOutput/Src/stm32wlxx_it.c:85:6:HardFault_Handler	4	static
C:/Users/Jesus/Documents/STM32Cube_FW_WL_V1.2.0_CARGADOR_COCHE/STM32Cube_FW_WL_V1.2.0/Projects/NUCLEO-WL55JC/Examples/TIM/TIM_PWMOutput/Src/stm32wlxx_it.c:100:6:SVC_Handler	4	static
C:/Users/Jesus/Documents/STM32Cube_FW_WL_V1.2.0_CARGADOR_COCHE/STM32Cube_FW_WL_V1.2.0/Projects/NUCLEO-WL55JC/Examples/TIM/TIM_PWMOutput/Src/stm32wlxx_it.c:113:6:PendSV_Handler	4	static
C:/Users/Jesus/Documents/STM32Cube_FW_WL_V1.2.0_CARGADOR_COCHE/STM32Cube_FW_WL_V1.2.0/Projects/NUCLEO-WL55JC/Examples/TIM/TIM_PWMOutput/Src/stm32wlxx_it.c:126:6:SysTick_Handler	8	static
