C:/Users/Jesus/Documents/STM32Cube_FW_WL_V1.2.0_CARGADOR_COCHE/STM32Cube_FW_WL_V1.2.0/Projects/NUCLEO-WL55JC/Applications/FreeRTOS/FreeRTOS_ThreadCreation/Src/stm32wlxx_it.c:73:6:NMI_Handler	4	static
C:/Users/Jesus/Documents/STM32Cube_FW_WL_V1.2.0_CARGADOR_COCHE/STM32Cube_FW_WL_V1.2.0/Projects/NUCLEO-WL55JC/Applications/FreeRTOS/FreeRTOS_ThreadCreation/Src/stm32wlxx_it.c:86:6:HardFault_Handler	4	static
C:/Users/Jesus/Documents/STM32Cube_FW_WL_V1.2.0_CARGADOR_COCHE/STM32Cube_FW_WL_V1.2.0/Projects/NUCLEO-WL55JC/Applications/FreeRTOS/FreeRTOS_ThreadCreation/Src/stm32wlxx_it.c:101:6:MemManage_Handler	4	static
C:/Users/Jesus/Documents/STM32Cube_FW_WL_V1.2.0_CARGADOR_COCHE/STM32Cube_FW_WL_V1.2.0/Projects/NUCLEO-WL55JC/Applications/FreeRTOS/FreeRTOS_ThreadCreation/Src/stm32wlxx_it.c:116:6:BusFault_Handler	4	static
C:/Users/Jesus/Documents/STM32Cube_FW_WL_V1.2.0_CARGADOR_COCHE/STM32Cube_FW_WL_V1.2.0/Projects/NUCLEO-WL55JC/Applications/FreeRTOS/FreeRTOS_ThreadCreation/Src/stm32wlxx_it.c:131:6:UsageFault_Handler	4	static
C:/Users/Jesus/Documents/STM32Cube_FW_WL_V1.2.0_CARGADOR_COCHE/STM32Cube_FW_WL_V1.2.0/Projects/NUCLEO-WL55JC/Applications/FreeRTOS/FreeRTOS_ThreadCreation/Src/stm32wlxx_it.c:146:6:DebugMon_Handler	4	static
C:/Users/Jesus/Documents/STM32Cube_FW_WL_V1.2.0_CARGADOR_COCHE/STM32Cube_FW_WL_V1.2.0/Projects/NUCLEO-WL55JC/Applications/FreeRTOS/FreeRTOS_ThreadCreation/Src/stm32wlxx_it.c:166:6:TIM17_IRQHandler	8	static
